../Core/Src/main.c:184:6:HAL_ADC_ConvCpltCallback	16	static
../Core/Src/main.c:220:6:blinkGreenLED	8	static
../Core/Src/main.c:227:6:blinkYellowLED	8	static
../Core/Src/main.c:234:6:blinkRedLED	8	static
../Core/Src/main.c:241:6:blinkAllLEDs	8	static
../Core/Src/main.c:252:6:resetFreqPeaksList	16	static
../Core/Src/main.c:259:6:resetFreqPeaksBins	16	static
../Core/Src/main.c:277:6:stopFFTsCheck	4	static
../Core/Src/main.c:288:6:clearBuffer	8	static
../Core/Src/main.c:292:6:printFreqBins	16	static
../Core/Src/main.c:332:6:removeHarmonics	32	static
../Core/Src/main.c:354:6:identifyFreqPeaks	24	static
../Core/Src/main.c:380:5:determineDuplicateFreqs	24	static
../Core/Src/main.c:390:6:determineFreqBins	16	static
../Core/Src/main.c:430:6:checkClosestFreq	32	static
../Core/Src/main.c:450:6:cleanFreqBins	16	static
../Core/Src/main.c:486:6:rotateMotor	16	static
../Core/Src/main.c:509:5:determineDuration	16	static
../Core/Src/main.c:520:6:turnMotors	8	static
../Core/Src/main.c:582:6:isFlat	8	static
../Core/Src/main.c:586:6:isSharp	8	static
../Core/Src/main.c:590:6:isInTune	8	static
../Core/Src/main.c:594:5:calculateTuning	24	static
../Core/Src/main.c:612:6:checkTuning	16	static
../Core/Src/main.c:663:5:main	16	static
../Core/Src/main.c:781:6:SystemClock_Config	120	static
../Core/Src/main.c:841:13:MX_ADC3_Init	40	static
../Core/Src/main.c:900:13:MX_TIM1_Init	40	static
../Core/Src/main.c:947:13:MX_USART3_UART_Init	8	static
../Core/Src/main.c:995:13:MX_GPIO_Init	48	static
../Core/Src/main.c:1060:6:MPU_Config	24	static
../Core/Src/main.c:1091:6:Error_Handler	4	static,ignoring_inline_asm
