../Core/Src/main.c:184:6:HAL_ADC_ConvCpltCallback	3
../Core/Src/main.c:220:6:blinkGreenLED	1
../Core/Src/main.c:227:6:blinkYellowLED	1
../Core/Src/main.c:234:6:blinkRedLED	1
../Core/Src/main.c:241:6:blinkAllLEDs	1
../Core/Src/main.c:252:6:resetFreqPeaksList	2
../Core/Src/main.c:259:6:resetFreqPeaksBins	2
../Core/Src/main.c:277:6:stopFFTsCheck	7
../Core/Src/main.c:288:6:clearBuffer	1
../Core/Src/main.c:292:6:printFreqBins	14
../Core/Src/main.c:332:6:removeHarmonics	8
../Core/Src/main.c:354:6:identifyFreqPeaks	9
../Core/Src/main.c:380:5:determineDuplicateFreqs	3
../Core/Src/main.c:390:6:determineFreqBins	26
../Core/Src/main.c:430:6:checkClosestFreq	7
../Core/Src/main.c:450:6:cleanFreqBins	14
../Core/Src/main.c:486:6:rotateMotor	3
../Core/Src/main.c:509:5:determineDuration	2
../Core/Src/main.c:520:6:turnMotors	13
../Core/Src/main.c:582:6:isFlat	1
../Core/Src/main.c:586:6:isSharp	1
../Core/Src/main.c:590:6:isInTune	1
../Core/Src/main.c:594:5:calculateTuning	5
../Core/Src/main.c:612:6:checkTuning	8
../Core/Src/main.c:663:5:main	9
../Core/Src/main.c:781:6:SystemClock_Config	4
../Core/Src/main.c:841:13:MX_ADC3_Init	3
../Core/Src/main.c:900:13:MX_TIM1_Init	4
../Core/Src/main.c:947:13:MX_USART3_UART_Init	5
../Core/Src/main.c:995:13:MX_GPIO_Init	1
../Core/Src/main.c:1060:6:MPU_Config	1
../Core/Src/main.c:1091:6:Error_Handler	1
