Archive member included to satisfy reference by file (symbol)

C:\Users\klokn\STM32CubeIDE\nucleo_board_tests\FFT_Testing\Lib\libarm_cortexM7lfsp_math.a(arm_rfft_fast_init_f32.o)
                              ./Core/Src/main.o (arm_rfft_fast_init_f32)
C:\Users\klokn\STM32CubeIDE\nucleo_board_tests\FFT_Testing\Lib\libarm_cortexM7lfsp_math.a(arm_rfft_fast_f32.o)
                              ./Core/Src/main.o (arm_rfft_fast_f32)
C:\Users\klokn\STM32CubeIDE\nucleo_board_tests\FFT_Testing\Lib\libarm_cortexM7lfsp_math.a(arm_cfft_f32.o)
                              C:\Users\klokn\STM32CubeIDE\nucleo_board_tests\FFT_Testing\Lib\libarm_cortexM7lfsp_math.a(arm_rfft_fast_f32.o) (arm_cfft_f32)
C:\Users\klokn\STM32CubeIDE\nucleo_board_tests\FFT_Testing\Lib\libarm_cortexM7lfsp_math.a(arm_common_tables.o)
                              C:\Users\klokn\STM32CubeIDE\nucleo_board_tests\FFT_Testing\Lib\libarm_cortexM7lfsp_math.a(arm_rfft_fast_init_f32.o) (twiddleCoef_rfft_4096)
C:\Users\klokn\STM32CubeIDE\nucleo_board_tests\FFT_Testing\Lib\libarm_cortexM7lfsp_math.a(arm_bitreversal2.o)
                              C:\Users\klokn\STM32CubeIDE\nucleo_board_tests\FFT_Testing\Lib\libarm_cortexM7lfsp_math.a(arm_cfft_f32.o) (arm_bitreversal_32)
C:\Users\klokn\STM32CubeIDE\nucleo_board_tests\FFT_Testing\Lib\libarm_cortexM7lfsp_math.a(arm_cfft_radix8_f32.o)
                              C:\Users\klokn\STM32CubeIDE\nucleo_board_tests\FFT_Testing\Lib\libarm_cortexM7lfsp_math.a(arm_cfft_f32.o) (arm_radix8_butterfly_f32)
C:/ST/STM32CubeIDE_1.18.0/STM32CubeIDE/plugins/com.st.stm32cube.ide.mcu.externaltools.gnu-tools-for-stm32.13.3.rel1.win32_1.0.0.202411081344/tools/bin/../lib/gcc/arm-none-eabi/13.3.1/../../../../arm-none-eabi/lib/thumb/v7e-m+dp/hard\libc_nano.a(libc_a-exit.o)
                              C:/ST/STM32CubeIDE_1.18.0/STM32CubeIDE/plugins/com.st.stm32cube.ide.mcu.externaltools.gnu-tools-for-stm32.13.3.rel1.win32_1.0.0.202411081344/tools/bin/../lib/gcc/arm-none-eabi/13.3.1/../../../../arm-none-eabi/lib/thumb/v7e-m+dp/hard/crt0.o (exit)
C:/ST/STM32CubeIDE_1.18.0/STM32CubeIDE/plugins/com.st.stm32cube.ide.mcu.externaltools.gnu-tools-for-stm32.13.3.rel1.win32_1.0.0.202411081344/tools/bin/../lib/gcc/arm-none-eabi/13.3.1/../../../../arm-none-eabi/lib/thumb/v7e-m+dp/hard\libc_nano.a(libc_a-nano-vfprintf_float.o)
                              (_printf_float)
C:/ST/STM32CubeIDE_1.18.0/STM32CubeIDE/plugins/com.st.stm32cube.ide.mcu.externaltools.gnu-tools-for-stm32.13.3.rel1.win32_1.0.0.202411081344/tools/bin/../lib/gcc/arm-none-eabi/13.3.1/../../../../arm-none-eabi/lib/thumb/v7e-m+dp/hard\libc_nano.a(libc_a-nano-vfprintf_i.o)
                              C:/ST/STM32CubeIDE_1.18.0/STM32CubeIDE/plugins/com.st.stm32cube.ide.mcu.externaltools.gnu-tools-for-stm32.13.3.rel1.win32_1.0.0.202411081344/tools/bin/../lib/gcc/arm-none-eabi/13.3.1/../../../../arm-none-eabi/lib/thumb/v7e-m+dp/hard\libc_nano.a(libc_a-nano-vfprintf_float.o) (_printf_common)
C:/ST/STM32CubeIDE_1.18.0/STM32CubeIDE/plugins/com.st.stm32cube.ide.mcu.externaltools.gnu-tools-for-stm32.13.3.rel1.win32_1.0.0.202411081344/tools/bin/../lib/gcc/arm-none-eabi/13.3.1/../../../../arm-none-eabi/lib/thumb/v7e-m+dp/hard\libc_nano.a(libc_a-findfp.o)
                              C:/ST/STM32CubeIDE_1.18.0/STM32CubeIDE/plugins/com.st.stm32cube.ide.mcu.externaltools.gnu-tools-for-stm32.13.3.rel1.win32_1.0.0.202411081344/tools/bin/../lib/gcc/arm-none-eabi/13.3.1/../../../../arm-none-eabi/lib/thumb/v7e-m+dp/hard\libc_nano.a(libc_a-exit.o) (__stdio_exit_handler)
C:/ST/STM32CubeIDE_1.18.0/STM32CubeIDE/plugins/com.st.stm32cube.ide.mcu.externaltools.gnu-tools-for-stm32.13.3.rel1.win32_1.0.0.202411081344/tools/bin/../lib/gcc/arm-none-eabi/13.3.1/../../../../arm-none-eabi/lib/thumb/v7e-m+dp/hard\libc_nano.a(libc_a-fwalk.o)
                              C:/ST/STM32CubeIDE_1.18.0/STM32CubeIDE/plugins/com.st.stm32cube.ide.mcu.externaltools.gnu-tools-for-stm32.13.3.rel1.win32_1.0.0.202411081344/tools/bin/../lib/gcc/arm-none-eabi/13.3.1/../../../../arm-none-eabi/lib/thumb/v7e-m+dp/hard\libc_nano.a(libc_a-findfp.o) (_fwalk_sglue)
C:/ST/STM32CubeIDE_1.18.0/STM32CubeIDE/plugins/com.st.stm32cube.ide.mcu.externaltools.gnu-tools-for-stm32.13.3.rel1.win32_1.0.0.202411081344/tools/bin/../lib/gcc/arm-none-eabi/13.3.1/../../../../arm-none-eabi/lib/thumb/v7e-m+dp/hard\libc_nano.a(libc_a-snprintf.o)
                              ./Core/Src/main.o (snprintf)
C:/ST/STM32CubeIDE_1.18.0/STM32CubeIDE/plugins/com.st.stm32cube.ide.mcu.externaltools.gnu-tools-for-stm32.13.3.rel1.win32_1.0.0.202411081344/tools/bin/../lib/gcc/arm-none-eabi/13.3.1/../../../../arm-none-eabi/lib/thumb/v7e-m+dp/hard\libc_nano.a(libc_a-stdio.o)
                              C:/ST/STM32CubeIDE_1.18.0/STM32CubeIDE/plugins/com.st.stm32cube.ide.mcu.externaltools.gnu-tools-for-stm32.13.3.rel1.win32_1.0.0.202411081344/tools/bin/../lib/gcc/arm-none-eabi/13.3.1/../../../../arm-none-eabi/lib/thumb/v7e-m+dp/hard\libc_nano.a(libc_a-findfp.o) (__sread)
[...]
Memory Configuration

Name             Origin             Length             Attributes
FLASH            0x08000000         0x00200000         xr
DTCMRAM          0x20000000         0x00020000         xrw
RAM_D1           0x24000000         0x00080000         xrw
RAM_D2           0x30000000         0x00048000         xrw
RAM_D3           0x38000000         0x00010000         xrw
ITCMRAM          0x00000000         0x00010000         xrw
*default*        0x00000000         0xffffffff

Linker script and memory map

LOAD C:/ST/STM32CubeIDE_1.18.0/STM32CubeIDE/plugins/com.st.stm32cube.ide.mcu.externaltools.gnu-tools-for-stm32.13.3.rel1.win32_1.0.0.202411081344/tools/bin/../lib/gcc/arm-none-eabi/13.3.1/thumb/v7e-m+dp/hard/crti.o
LOAD C:/ST/STM32CubeIDE_1.18.0/STM32CubeIDE/plugins/com.st.stm32cube.ide.mcu.externaltools.gnu-tools-for-stm32.13.3.rel1.win32_1.0.0.202411081344/tools/bin/../lib/gcc/arm-none-eabi/13.3.1/thumb/v7e-m+dp/hard/crtbegin.o
LOAD C:/ST/STM32CubeIDE_1.18.0/STM32CubeIDE/plugins/com.st.stm32cube.ide.mcu.externaltools.gnu-tools-for-stm32.13.3.rel1.win32_1.0.0.202411081344/tools/bin/../lib/gcc/arm-none-eabi/13.3.1/../../../../arm-none-eabi/lib/thumb/v7e-m+dp/hard/crt0.o
LOAD ./Core/Src/main.o
LOAD ./Core/Src/stm32h7xx_hal_msp.o
LOAD ./Core/Src/stm32h7xx_it.o
LOAD ./Core/Src/syscalls.o
LOAD ./Core/Src/sysmem.o
LOAD ./Core/Src/system_stm32h7xx.o
LOAD ./Core/Startup/startup_stm32h753zitx.o
LOAD ./Drivers/STM32H7xx_HAL_Driver/Src/stm32h7xx_hal.o
LOAD ./Drivers/STM32H7xx_HAL_Driver/Src/stm32h7xx_hal_adc.o
LOAD ./Drivers/STM32H7xx_HAL_Driver/Src/stm32h7xx_hal_adc_ex.o
LOAD ./Drivers/STM32H7xx_HAL_Driver/Src/stm32h7xx_hal_cortex.o
LOAD ./Drivers/STM32H7xx_HAL_Driver/Src/stm32h7xx_hal_dma.o
LOAD ./Drivers/STM32H7xx_HAL_Driver/Src/stm32h7xx_hal_dma_ex.o
LOAD ./Drivers/STM32H7xx_HAL_Driver/Src/stm32h7xx_hal_exti.o
LOAD ./Drivers/STM32H7xx_HAL_Driver/Src/stm32h7xx_hal_flash.o
LOAD ./Drivers/STM32H7xx_HAL_Driver/Src/stm32h7xx_hal_flash_ex.o
LOAD ./Drivers/STM32H7xx_HAL_Driver/Src/stm32h7xx_hal_gpio.o
LOAD ./Drivers/STM32H7xx_HAL_Driver/Src/stm32h7xx_hal_hsem.o
LOAD ./Drivers/STM32H7xx_HAL_Driver/Src/stm32h7xx_hal_i2c.o
LOAD ./Drivers/STM32H7xx_HAL_Driver/Src/stm32h7xx_hal_i2c_ex.o
LOAD ./Drivers/STM32H7xx_HAL_Driver/Src/stm32h7xx_hal_mdma.o
LOAD ./Drivers/STM32H7xx_HAL_Driver/Src/stm32h7xx_hal_pwr.o
LOAD ./Drivers/STM32H7xx_HAL_Driver/Src/stm32h7xx_hal_pwr_ex.o
LOAD ./Drivers/STM32H7xx_HAL_Driver/Src/stm32h7xx_hal_rcc.o
LOAD ./Drivers/STM32H7xx_HAL_Driver/Src/stm32h7xx_hal_rcc_ex.o
LOAD ./Drivers/STM32H7xx_HAL_Driver/Src/stm32h7xx_hal_tim.o
LOAD ./Drivers/STM32H7xx_HAL_Driver/Src/stm32h7xx_hal_tim_ex.o
LOAD ./Drivers/STM32H7xx_HAL_Driver/Src/stm32h7xx_hal_uart.o
LOAD ./Drivers/STM32H7xx_HAL_Driver/Src/stm32h7xx_hal_uart_ex.o
LOAD C:\Users\klokn\STM32CubeIDE\nucleo_board_tests\FFT_Testing\Lib\libarm_cortexM7lfsp_math.a
START GROUP
LOAD C:/ST/STM32CubeIDE_1.18.0/STM32CubeIDE/plugins/com.st.stm32cube.ide.mcu.externaltools.gnu-tools-for-stm32.13.3.rel1.win32_1.0.0.202411081344/tools/bin/../lib/gcc/arm-none-eabi/13.3.1/../../../../arm-none-eabi/lib/thumb/v7e-m+dp/hard\libc_nano.a
LOAD C:/ST/STM32CubeIDE_1.18.0/STM32CubeIDE/plugins/com.st.stm32cube.ide.mcu.externaltools.gnu-tools-for-stm32.13.3.rel1.win32_1.0.0.202411081344/tools/bin/../lib/gcc/arm-none-eabi/13.3.1/../../../../arm-none-eabi/lib/thumb/v7e-m+dp/hard\libm.a
END GROUP
START GROUP
LOAD C:/ST/STM32CubeIDE_1.18.0/STM32CubeIDE/plugins/com.st.stm32cube.ide.mcu.externaltools.gnu-tools-for-stm32.13.3.rel1.win32_1.0.0.202411081344/tools/bin/../lib/gcc/arm-none-eabi/13.3.1/thumb/v7e-m+dp/hard\libgcc.a
LOAD C:/ST/STM32CubeIDE_1.18.0/STM32CubeIDE/plugins/com.st.stm32cube.ide.mcu.externaltools.gnu-tools-for-stm32.13.3.rel1.win32_1.0.0.202411081344/tools/bin/../lib/gcc/arm-none-eabi/13.3.1/../../../../arm-none-eabi/lib/thumb/v7e-m+dp/hard\libc_nano.a
END GROUP
START GROUP
LOAD C:/ST/STM32CubeIDE_1.18.0/STM32CubeIDE/plugins/com.st.stm32cube.ide.mcu.externaltools.gnu-tools-for-stm32.13.3.rel1.win32_1.0.0.202411081344/tools/bin/../lib/gcc/arm-none-eabi/13.3.1/thumb/v7e-m+dp/hard\libgcc.a
LOAD C:/ST/STM32CubeIDE_1.18.0/STM32CubeIDE/plugins/com.st.stm32cube.ide.mcu.externaltools.gnu-tools-for-stm32.13.3.rel1.win32_1.0.0.202411081344/tools/bin/../lib/gcc/arm-none-eabi/13.3.1/../../../../arm-none-eabi/lib/thumb/v7e-m+dp/hard\libc_nano.a
LOAD C:/ST/STM32CubeIDE_1.18.0/STM32CubeIDE/plugins/com.st.stm32cube.ide.mcu.externaltools.gnu-tools-for-stm32.13.3.rel1.win32_1.0.0.202411081344/tools/bin/../lib/gcc/arm-none-eabi/13.3.1/../../../../arm-none-eabi/lib/thumb/v7e-m+dp/hard\libnosys.a
END GROUP
START GROUP
LOAD C:/ST/STM32CubeIDE_1.18.0/STM32CubeIDE/plugins/com.st.stm32cube.ide.mcu.externaltools.gnu-tools-for-stm32.13.3.rel1.win32_1.0.0.202411081344/tools/bin/../lib/gcc/arm-none-eabi/13.3.1/thumb/v7e-m+dp/hard\libgcc.a
LOAD C:/ST/STM32CubeIDE_1.18.0/STM32CubeIDE/plugins/com.st.stm32cube.ide.mcu.externaltools.gnu-tools-for-stm32.13.3.rel1.win32_1.0.0.202411081344/tools/bin/../lib/gcc/arm-none-eabi/13.3.1/../../../../arm-none-eabi/lib/thumb/v7e-m+dp/hard\libc_nano.a
LOAD C:/ST/STM32CubeIDE_1.18.0/STM32CubeIDE/plugins/com.st.stm32cube.ide.mcu.externaltools.gnu-tools-for-stm32.13.3.rel1.win32_1.0.0.202411081344/tools/bin/../lib/gcc/arm-none-eabi/13.3.1/../../../../arm-none-eabi/lib/thumb/v7e-m+dp/hard\libnosys.a
END GROUP
LOAD C:/ST/STM32CubeIDE_1.18.0/STM32CubeIDE/plugins/com.st.stm32cube.ide.mcu.externaltools.gnu-tools-for-stm32.13.3.rel1.win32_1.0.0.202411081344/tools/bin/../lib/gcc/arm-none-eabi/13.3.1/thumb/v7e-m+dp/hard/crtend.o
LOAD C:/ST/STM32CubeIDE_1.18.0/STM32CubeIDE/plugins/com.st.stm32cube.ide.mcu.externaltools.gnu-tools-for-stm32.13.3.rel1.win32_1.0.0.202411081344/tools/bin/../lib/gcc/arm-none-eabi/13.3.1/thumb/v7e-m+dp/hard/crtn.o
                0x24080000                        _estack = (ORIGIN (RAM_D1) + LENGTH (RAM_D1))
                0x00000200                        _Min_Heap_Size = 0x200
                0x00000400                        _Min_Stack_Size = 0x400

.isr_vector     0x08000000      0x298
                0x08000000                        . = ALIGN (0x4)
 *(.isr_vector)
 .isr_vector    0x08000000      0x298 ./Core/Startup/startup_stm32h753zitx.o
                0x08000000                g_pfnVectors
                0x08000298                        . = ALIGN (0x4)

.text           0x080002a0     0xdab0
                0x080002a0                        . = ALIGN (0x4)
 *(.text)
 .text          0x080002a0       0x40 C:/ST/STM32CubeIDE_1.18.0/STM32CubeIDE/plugins/com.st.stm32cube.ide.mcu.externaltools.gnu-tools-for-stm32.13.3.rel1.win32_1.0.0.202411081344/tools/bin/../lib/gcc/arm-none-eabi/13.3.1/thumb/v7e-m+dp/hard/crtbegin.o
 .text          0x080002e0       0xc0 C:\Users\klokn\STM32CubeIDE\nucleo_board_tests\FFT_Testing\Lib\libarm_cortexM7lfsp_math.a(arm_bitreversal2.o)
                0x080002e0                arm_bitreversal_32
                0x0800034a                arm_bitreversal_16
 .text          0x080003a0       0xa0 C:/ST/STM32CubeIDE_1.18.0/STM32CubeIDE/plugins/com.st.stm32cube.ide.mcu.externaltools.gnu-tools-for-stm32.13.3.rel1.win32_1.0.0.202411081344/tools/bin/../lib/gcc/arm-none-eabi/13.3.1/../../../../arm-none-eabi/lib/thumb/v7e-m+dp/hard\libc_nano.a(libc_a-memchr.o)
                0x080003a0                memchr
 .text          0x08000440       0x10 C:/ST/STM32CubeIDE_1.18.0/STM32CubeIDE/plugins/com.st.stm32cube.ide.mcu.externaltools.gnu-tools-for-stm32.13.3.rel1.win32_1.0.0.202411081344/tools/bin/../lib/gcc/arm-none-eabi/13.3.1/../../../../arm-none-eabi/lib/thumb/v7e-m+dp/hard\libc_nano.a(libc_a-strlen.o)
                0x08000440                strlen
 .text          0x08000450       0x30 C:/ST/STM32CubeIDE_1.18.0/STM32CubeIDE/plugins/com.st.stm32cube.ide.mcu.externaltools.gnu-tools-for-stm32.13.3.rel1.win32_1.0.0.202411081344/tools/bin/../lib/gcc/arm-none-eabi/13.3.1/thumb/v7e-m+dp/hard\libgcc.a(_aeabi_uldivmod.o)
                0x08000450                __aeabi_uldivmod
 .text          0x08000480      0x2f8 C:/ST/STM32CubeIDE_1.18.0/STM32CubeIDE/plugins/com.st.stm32cube.ide.mcu.externaltools.gnu-tools-for-stm32.13.3.rel1.win32_1.0.0.202411081344/tools/bin/../lib/gcc/arm-none-eabi/13.3.1/thumb/v7e-m+dp/hard\libgcc.a(_udivmoddi4.o)
                0x08000480                __udivmoddi4
 .text          0x08000778        0x4 C:/ST/STM32CubeIDE_1.18.0/STM32CubeIDE/plugins/com.st.stm32cube.ide.mcu.externaltools.gnu-tools-for-stm32.13.3.rel1.win32_1.0.0.202411081344/tools/bin/../lib/gcc/arm-none-eabi/13.3.1/thumb/v7e-m+dp/hard\libgcc.a(_dvmd_tls.o)
                0x08000778                __aeabi_idiv0
                0x08000778                __aeabi_ldiv0
 *(.text*)
 .text.HAL_ADC_ConvCpltCallback
                0x0800077c       0xcc ./Core/Src/main.o
                0x0800077c                HAL_ADC_ConvCpltCallback
 .text.blinkAllLEDs
                0x08000848       0x60 ./Core/Src/main.o
                0x08000848                blinkAllLEDs
 .text.resetFreqPeaksList
                0x080008a8       0x48 ./Core/Src/main.o
                0x080008a8                resetFreqPeaksList
 .text.resetFreqPeaksBins
                0x080008f0       0xb4 ./Core/Src/main.o
                0x080008f0                resetFreqPeaksBins
 .text.stopFFTsCheck
                0x080009a4       0x60 ./Core/Src/main.o
                0x080009a4                stopFFTsCheck
 .text.clearBuffer
                0x08000a04       0x18 ./Core/Src/main.o
                0x08000a04                clearBuffer
 .text.printFreqBins
                0x08000a1c      0x198 ./Core/Src/main.o
                0x08000a1c                printFreqBins
 .text.removeHarmonics
                0x08000bb4       0xb4 ./Core/Src/main.o
                0x08000bb4                removeHarmonics
 .text.identifyFreqPeaks
                0x08000c68      0x144 ./Core/Src/main.o
                0x08000c68                identifyFreqPeaks
 .text.determineDuplicateFreqs
                0x08000dac       0x3e ./Core/Src/main.o
                0x08000dac                determineDuplicateFreqs
 *fill*         0x08000dea        0x2 
 .text.determineFreqBins
                0x08000dec      0x324 ./Core/Src/main.o
                0x08000dec                determineFreqBins
 .text.checkClosestFreq
                0x08001110      0x106 ./Core/Src/main.o
                0x08001110                checkClosestFreq
 *fill*         0x08001216        0x2 
 .text.cleanFreqBins
                0x08001218      0x128 ./Core/Src/main.o
                0x08001218                cleanFreqBins
 .text.rotateMotor
                0x08001340       0xb8 ./Core/Src/main.o
                0x08001340                rotateMotor
 .text.determineDuration
                0x080013f8       0xa8 ./Core/Src/main.o
                0x080013f8                determineDuration
 .text.turnMotors
                0x080014a0      0x238 ./Core/Src/main.o
                0x080014a0                turnMotors
 .text.calculateTuning
                0x080016d8       0xb8 ./Core/Src/main.o
                0x080016d8                calculateTuning
 .text.checkTuning
                0x08001790      0x248 ./Core/Src/main.o
                0x08001790                checkTuning
 .text.main     0x080019d8      0x208 ./Core/Src/main.o
                0x080019d8                main
 .text.SystemClock_Config
                0x08001be0       0xf8 ./Core/Src/main.o
                0x08001be0                SystemClock_Config
 .text.MX_ADC3_Init
                0x08001cd8       0xd0 ./Core/Src/main.o
 .text.MX_TIM1_Init
                0x08001da8       0xa8 ./Core/Src/main.o
 .text.MX_USART3_UART_Init
                0x08001e50       0x98 ./Core/Src/main.o
 .text.MX_GPIO_Init
                0x08001ee8      0x16c ./Core/Src/main.o
 .text.MPU_Config
                0x08002054       0x58 ./Core/Src/main.o
 .text.Error_Handler
                0x080020ac        0xc ./Core/Src/main.o
                0x080020ac                Error_Handler
 .text.HAL_MspInit
                0x080020b8       0x34 ./Core/Src/stm32h7xx_hal_msp.o
                0x080020b8                HAL_MspInit
 .text.HAL_ADC_MspInit
                0x080020ec       0xf4 ./Core/Src/stm32h7xx_hal_msp.o
                0x080020ec                HAL_ADC_MspInit
 .text.HAL_TIM_Base_MspInit
                0x080021e0       0x44 ./Core/Src/stm32h7xx_hal_msp.o
                0x080021e0                HAL_TIM_Base_MspInit
 .text.HAL_UART_MspInit
                0x08002224       0xd4 ./Core/Src/stm32h7xx_hal_msp.o
                0x08002224                HAL_UART_MspInit
 .text.NMI_Handler
                0x080022f8        0x8 ./Core/Src/stm32h7xx_it.o
                0x080022f8                NMI_Handler
 .text.HardFault_Handler
                0x08002300        0x8 ./Core/Src/stm32h7xx_it.o
                0x08002300                HardFault_Handler
 .text.MemManage_Handler
                0x08002308        0x8 ./Core/Src/stm32h7xx_it.o
                0x08002308                MemManage_Handler
 .text.BusFault_Handler
                0x08002310        0x8 ./Core/Src/stm32h7xx_it.o
                0x08002310                BusFault_Handler
 .text.UsageFault_Handler
                0x08002318        0x8 ./Core/Src/stm32h7xx_it.o
                0x08002318                UsageFault_Handler
 .text.SVC_Handler
                0x08002320        0xe ./Core/Src/stm32h7xx_it.o
                0x08002320                SVC_Handler
 .text.DebugMon_Handler
                0x0800232e        0xe ./Core/Src/stm32h7xx_it.o
                0x0800232e                DebugMon_Handler
 .text.PendSV_Handler
                0x0800233c        0xe ./Core/Src/stm32h7xx_it.o
                0x0800233c                PendSV_Handler
 .text.SysTick_Handler
                0x0800234a        0xc ./Core/Src/stm32h7xx_it.o
                0x0800234a                SysTick_Handler
 *fill*         0x08002356        0x2 
 .text.ADC3_IRQHandler
                0x08002358       0x14 ./Core/Src/stm32h7xx_it.o
                0x08002358                ADC3_IRQHandler
 .text._getpid  0x0800236c       0x10 ./Core/Src/syscalls.o
                0x0800236c                _getpid
 .text._kill    0x0800237c       0x20 ./Core/Src/syscalls.o
                0x0800237c                _kill
 .text._exit    0x0800239c       0x16 ./Core/Src/syscalls.o
                0x0800239c                _exit
 .text._read    0x080023b2       0x3a ./Core/Src/syscalls.o
                0x080023b2                _read
 .text._write   0x080023ec       0x38 ./Core/Src/syscalls.o
                0x080023ec                _write
 .text._close   0x08002424       0x18 ./Core/Src/syscalls.o
                0x08002424                _close
 .text._fstat   0x0800243c       0x20 ./Core/Src/syscalls.o
                0x0800243c                _fstat
 .text._isatty  0x0800245c       0x16 ./Core/Src/syscalls.o
                0x0800245c                _isatty
 .text._lseek   0x08002472       0x1a ./Core/Src/syscalls.o
                0x08002472                _lseek
 .text._sbrk    0x0800248c       0x6c ./Core/Src/sysmem.o
                0x0800248c                _sbrk
 .text.SystemInit
                0x080024f8      0x140 ./Core/Src/system_stm32h7xx.o
                0x080024f8                SystemInit
 .text.ExitRun0Mode
                0x08002638       0x30 ./Core/Src/system_stm32h7xx.o
                0x08002638                ExitRun0Mode
 .text.Reset_Handler
                0x08002668       0x54 ./Core/Startup/startup_stm32h753zitx.o
                0x08002668                Reset_Handler
 .text.Default_Handler
                0x080026bc        0x2 ./Core/Startup/startup_stm32h753zitx.o
                0x080026bc                RTC_Alarm_IRQHandler
                0x080026bc                HASH_RNG_IRQHandler
                0x080026bc                EXTI2_IRQHandler
                0x080026bc                TIM8_CC_IRQHandler
                0x080026bc                HRTIM1_Master_IRQHandler
                0x080026bc                UART8_IRQHandler
                0x080026bc                SPI4_IRQHandler
                0x080026bc                TIM1_CC_IRQHandler
                0x080026bc                BDMA_Channel6_IRQHandler
                0x080026bc                DMA2_Stream5_IRQHandler
                0x080026bc                HRTIM1_FLT_IRQHandler
                0x080026bc                JPEG_IRQHandler
                0x080026bc                DMA1_Stream5_IRQHandler
                0x080026bc                BDMA_Channel1_IRQHandler
                0x080026bc                HRTIM1_TIMD_IRQHandler
                0x080026bc                TAMP_STAMP_IRQHandler
                0x080026bc                EXTI3_IRQHandler
                0x080026bc                LPTIM4_IRQHandler
                0x080026bc                TIM8_TRG_COM_TIM14_IRQHandler
                0x080026bc                LPTIM2_IRQHandler
                0x080026bc                DFSDM1_FLT1_IRQHandler
                0x080026bc                DMAMUX2_OVR_IRQHandler
                0x080026bc                TIM8_UP_TIM13_IRQHandler
                0x080026bc                I2C3_ER_IRQHandler
                0x080026bc                DFSDM1_FLT2_IRQHandler
                0x080026bc                MDMA_IRQHandler
                0x080026bc                LPTIM3_IRQHandler
                0x080026bc                HSEM1_IRQHandler
                0x080026bc                EXTI0_IRQHandler
                0x080026bc                I2C2_EV_IRQHandler
                0x080026bc                DMA1_Stream2_IRQHandler
                0x080026bc                FPU_IRQHandler
                0x080026bc                OTG_HS_WKUP_IRQHandler
                0x080026bc                FDCAN1_IT1_IRQHandler
                0x080026bc                LTDC_ER_IRQHandler
                0x080026bc                DMA2_Stream2_IRQHandler
                0x080026bc                HRTIM1_TIME_IRQHandler
                0x080026bc                SPI1_IRQHandler
                0x080026bc                TIM6_DAC_IRQHandler
                0x080026bc                DCMI_IRQHandler
                0x080026bc                HRTIM1_TIMC_IRQHandler
                0x080026bc                DMA2_Stream3_IRQHandler
                0x080026bc                SAI2_IRQHandler
                0x080026bc                DFSDM1_FLT3_IRQHandler
                0x080026bc                USART6_IRQHandler
                0x080026bc                TIM17_IRQHandler
                0x080026bc                USART3_IRQHandler
                0x080026bc                BDMA_Channel7_IRQHandler
                0x080026bc                CRYP_IRQHandler
                0x080026bc                LPTIM5_IRQHandler
                0x080026bc                UART5_IRQHandler
                0x080026bc                DMA2_Stream0_IRQHandler
                0x080026bc                TIM4_IRQHandler
                0x080026bc                BDMA_Channel2_IRQHandler
                0x080026bc                QUADSPI_IRQHandler
                0x080026bc                I2C1_EV_IRQHandler
                0x080026bc                DMA1_Stream6_IRQHandler
                0x080026bc                DMAMUX1_OVR_IRQHandler
                0x080026bc                DMA1_Stream1_IRQHandler
                0x080026bc                TIM16_IRQHandler
                0x080026bc                UART4_IRQHandler
                0x080026bc                BDMA_Channel5_IRQHandler
                0x080026bc                TIM3_IRQHandler
                0x080026bc                RCC_IRQHandler
                0x080026bc                TIM8_BRK_TIM12_IRQHandler
                0x080026bc                TIM1_TRG_COM_IRQHandler
                0x080026bc                Default_Handler
                0x080026bc                ECC_IRQHandler
                0x080026bc                CEC_IRQHandler
                0x080026bc                EXTI15_10_IRQHandler
                0x080026bc                BDMA_Channel0_IRQHandler
                0x080026bc                ADC_IRQHandler
                0x080026bc                DMA1_Stream7_IRQHandler
                0x080026bc                HRTIM1_TIMA_IRQHandler
                0x080026bc                SPI5_IRQHandler
                0x080026bc                TIM7_IRQHandler
                0x080026bc                SDMMC1_IRQHandler
                0x080026bc                TIM5_IRQHandler
                0x080026bc                DMA2_Stream7_IRQHandler
                0x080026bc                TIM15_IRQHandler
                0x080026bc                PVD_AVD_IRQHandler
                0x080026bc                I2C3_EV_IRQHandler
                0x080026bc                EXTI9_5_IRQHandler
                0x080026bc                RTC_WKUP_IRQHandler
                0x080026bc                LTDC_IRQHandler
                0x080026bc                SAI3_IRQHandler
                0x080026bc                ETH_WKUP_IRQHandler
                0x080026bc                SPDIF_RX_IRQHandler
                0x080026bc                SPI2_IRQHandler
                0x080026bc                OTG_HS_EP1_IN_IRQHandler
                0x080026bc                DMA1_Stream0_IRQHandler
                0x080026bc                CRS_IRQHandler
                0x080026bc                EXTI4_IRQHandler
                0x080026bc                HRTIM1_TIMB_IRQHandler
                0x080026bc                FDCAN2_IT1_IRQHandler
                0x080026bc                ETH_IRQHandler
                0x080026bc                TIM1_UP_IRQHandler
                0x080026bc                BDMA_Channel4_IRQHandler
                0x080026bc                OTG_HS_EP1_OUT_IRQHandler
                0x080026bc                WWDG_IRQHandler
                0x080026bc                SPI6_IRQHandler
                0x080026bc                MDIOS_IRQHandler
                0x080026bc                I2C4_EV_IRQHandler
                0x080026bc                FDCAN2_IT0_IRQHandler
                0x080026bc                LPUART1_IRQHandler
                0x080026bc                FDCAN1_IT0_IRQHandler
                0x080026bc                TIM2_IRQHandler
                0x080026bc                OTG_FS_WKUP_IRQHandler
                0x080026bc                OTG_HS_IRQHandler
                0x080026bc                DMA2D_IRQHandler
                0x080026bc                TIM1_BRK_IRQHandler
                0x080026bc                EXTI1_IRQHandler
                0x080026bc                SDMMC2_IRQHandler
                0x080026bc                OTG_FS_EP1_OUT_IRQHandler
                0x080026bc                BDMA_Channel3_IRQHandler
                0x080026bc                UART7_IRQHandler
                0x080026bc                MDIOS_WKUP_IRQHandler
                0x080026bc                USART2_IRQHandler
                0x080026bc                DFSDM1_FLT0_IRQHandler
                0x080026bc                SAI4_IRQHandler
                0x080026bc                I2C2_ER_IRQHandler
                0x080026bc                DMA2_Stream1_IRQHandler
                0x080026bc                FLASH_IRQHandler
                0x080026bc                DMA2_Stream4_IRQHandler
                0x080026bc                USART1_IRQHandler
                0x080026bc                OTG_FS_IRQHandler
                0x080026bc                SPI3_IRQHandler
                0x080026bc                WAKEUP_PIN_IRQHandler
                0x080026bc                DMA1_Stream4_IRQHandler
                0x080026bc                OTG_FS_EP1_IN_IRQHandler
                0x080026bc                I2C1_ER_IRQHandler
                0x080026bc                FMC_IRQHandler
                0x080026bc                FDCAN_CAL_IRQHandler
                0x080026bc                SWPMI1_IRQHandler
                0x080026bc                COMP1_IRQHandler
                0x080026bc                LPTIM1_IRQHandler
                0x080026bc                I2C4_ER_IRQHandler
                0x080026bc                DMA2_Stream6_IRQHandler
                0x080026bc                SAI1_IRQHandler
                0x080026bc                DMA1_Stream3_IRQHandler
 *fill*         0x080026be        0x2 
 .text.HAL_Init
                0x080026c0       0x78 ./Drivers/STM32H7xx_HAL_Driver/Src/stm32h7xx_hal.o
                0x080026c0                HAL_Init
 .text.HAL_InitTick
                0x08002738       0x6c ./Drivers/STM32H7xx_HAL_Driver/Src/stm32h7xx_hal.o
                0x08002738                HAL_InitTick
 .text.HAL_IncTick
                0x080027a4       0x28 ./Drivers/STM32H7xx_HAL_Driver/Src/stm32h7xx_hal.o
                0x080027a4                HAL_IncTick
 .text.HAL_GetTick
                0x080027cc       0x18 ./Drivers/STM32H7xx_HAL_Driver/Src/stm32h7xx_hal.o
                0x080027cc                HAL_GetTick
 .text.HAL_Delay
                0x080027e4       0x48 ./Drivers/STM32H7xx_HAL_Driver/Src/stm32h7xx_hal.o
                0x080027e4                HAL_Delay
 .text.HAL_GetREVID
                0x0800282c       0x18 ./Drivers/STM32H7xx_HAL_Driver/Src/stm32h7xx_hal.o
                0x0800282c                HAL_GetREVID
 .text.LL_ADC_SetCommonClock
                0x08002844       0x26 ./Drivers/STM32H7xx_HAL_Driver/Src/stm32h7xx_hal_adc.o
 .text.LL_ADC_SetCommonPathInternalCh
                0x0800286a       0x26 ./Drivers/STM32H7xx_HAL_Driver/Src/stm32h7xx_hal_adc.o
 .text.LL_ADC_GetCommonPathInternalCh
                0x08002890       0x1c ./Drivers/STM32H7xx_HAL_Driver/Src/stm32h7xx_hal_adc.o
 .text.LL_ADC_SetChannelPreselection
                0x080028ac       0x66 ./Drivers/STM32H7xx_HAL_Driver/Src/stm32h7xx_hal_adc.o
 .text.LL_ADC_SetOffset
                0x08002912       0x40 ./Drivers/STM32H7xx_HAL_Driver/Src/stm32h7xx_hal_adc.o
 .text.LL_ADC_SetDataRightShift
                0x08002952       0x32 ./Drivers/STM32H7xx_HAL_Driver/Src/stm32h7xx_hal_adc.o
 .text.LL_ADC_SetOffsetSignedSaturation
                0x08002984       0x36 ./Drivers/STM32H7xx_HAL_Driver/Src/stm32h7xx_hal_adc.o
 .text.LL_ADC_REG_IsTriggerSourceSWStart
                0x080029ba       0x26 ./Drivers/STM32H7xx_HAL_Driver/Src/stm32h7xx_hal_adc.o
 .text.LL_ADC_REG_SetSequencerRanks
                0x080029e0       0x58 ./Drivers/STM32H7xx_HAL_Driver/Src/stm32h7xx_hal_adc.o
 .text.LL_ADC_INJ_IsTriggerSourceSWStart
                0x08002a38       0x26 ./Drivers/STM32H7xx_HAL_Driver/Src/stm32h7xx_hal_adc.o
 .text.LL_ADC_SetChannelSamplingTime
                0x08002a5e       0x56 ./Drivers/STM32H7xx_HAL_Driver/Src/stm32h7xx_hal_adc.o
 .text.LL_ADC_SetChannelSingleDiff
                0x08002ab4       0x48 ./Drivers/STM32H7xx_HAL_Driver/Src/stm32h7xx_hal_adc.o
 .text.LL_ADC_GetMultimode
                0x08002afc       0x1c ./Drivers/STM32H7xx_HAL_Driver/Src/stm32h7xx_hal_adc.o
 .text.LL_ADC_GetMultiDMATransfer
                0x08002b18       0x1c ./Drivers/STM32H7xx_HAL_Driver/Src/stm32h7xx_hal_adc.o
 .text.LL_ADC_DisableDeepPowerDown
                0x08002b34       0x24 ./Drivers/STM32H7xx_HAL_Driver/Src/stm32h7xx_hal_adc.o
 .text.LL_ADC_IsDeepPowerDownEnabled
                0x08002b58       0x28 ./Drivers/STM32H7xx_HAL_Driver/Src/stm32h7xx_hal_adc.o
 .text.LL_ADC_EnableInternalRegulator
                0x08002b80       0x28 ./Drivers/STM32H7xx_HAL_Driver/Src/stm32h7xx_hal_adc.o
 .text.LL_ADC_IsInternalRegulatorEnabled
                0x08002ba8       0x28 ./Drivers/STM32H7xx_HAL_Driver/Src/stm32h7xx_hal_adc.o
 .text.LL_ADC_Enable
                0x08002bd0       0x28 ./Drivers/STM32H7xx_HAL_Driver/Src/stm32h7xx_hal_adc.o
 .text.LL_ADC_Disable
                0x08002bf8       0x28 ./Drivers/STM32H7xx_HAL_Driver/Src/stm32h7xx_hal_adc.o
 .text.LL_ADC_IsEnabled
                0x08002c20       0x26 ./Drivers/STM32H7xx_HAL_Driver/Src/stm32h7xx_hal_adc.o
 .text.LL_ADC_IsDisableOngoing
                0x08002c46       0x26 ./Drivers/STM32H7xx_HAL_Driver/Src/stm32h7xx_hal_adc.o
 .text.LL_ADC_REG_StartConversion
                0x08002c6c       0x28 ./Drivers/STM32H7xx_HAL_Driver/Src/stm32h7xx_hal_adc.o
 .text.LL_ADC_REG_IsConversionOngoing
                0x08002c94       0x26 ./Drivers/STM32H7xx_HAL_Driver/Src/stm32h7xx_hal_adc.o
 .text.LL_ADC_INJ_IsConversionOngoing
                0x08002cba       0x26 ./Drivers/STM32H7xx_HAL_Driver/Src/stm32h7xx_hal_adc.o
 .text.HAL_ADC_Init
                0x08002ce0      0x344 ./Drivers/STM32H7xx_HAL_Driver/Src/stm32h7xx_hal_adc.o
                0x08002ce0                HAL_ADC_Init
 .text.HAL_ADC_Start_IT
                0x08003024      0x27c ./Drivers/STM32H7xx_HAL_Driver/Src/stm32h7xx_hal_adc.o
                0x08003024                HAL_ADC_Start_IT
 .text.HAL_ADC_GetValue
                0x080032a0       0x1a ./Drivers/STM32H7xx_HAL_Driver/Src/stm32h7xx_hal_adc.o
                0x080032a0                HAL_ADC_GetValue
 *fill*         0x080032ba        0x2 
 .text.HAL_ADC_IRQHandler
                0x080032bc      0x474 ./Drivers/STM32H7xx_HAL_Driver/Src/stm32h7xx_hal_adc.o
                0x080032bc                HAL_ADC_IRQHandler
 .text.HAL_ADC_LevelOutOfWindowCallback
                0x08003730       0x14 ./Drivers/STM32H7xx_HAL_Driver/Src/stm32h7xx_hal_adc.o
                0x08003730                HAL_ADC_LevelOutOfWindowCallback
 .text.HAL_ADC_ErrorCallback
                0x08003744       0x14 ./Drivers/STM32H7xx_HAL_Driver/Src/stm32h7xx_hal_adc.o
                0x08003744                HAL_ADC_ErrorCallback
 .text.HAL_ADC_ConfigChannel
                0x08003758      0x5e0 ./Drivers/STM32H7xx_HAL_Driver/Src/stm32h7xx_hal_adc.o
                0x08003758                HAL_ADC_ConfigChannel
 .text.ADC_Enable
                0x08003d38      0x114 ./Drivers/STM32H7xx_HAL_Driver/Src/stm32h7xx_hal_adc.o
                0x08003d38                ADC_Enable
 .text.ADC_Disable
                0x08003e4c       0xbe ./Drivers/STM32H7xx_HAL_Driver/Src/stm32h7xx_hal_adc.o
                0x08003e4c                ADC_Disable
 *fill*         0x08003f0a        0x2 
 .text.ADC_ConfigureBoostMode
                0x08003f0c      0x218 ./Drivers/STM32H7xx_HAL_Driver/Src/stm32h7xx_hal_adc.o
                0x08003f0c                ADC_ConfigureBoostMode
 .text.LL_ADC_StartCalibration
                0x08004124       0x3c ./Drivers/STM32H7xx_HAL_Driver/Src/stm32h7xx_hal_adc_ex.o
 .text.LL_ADC_IsCalibrationOnGoing
                0x08004160       0x28 ./Drivers/STM32H7xx_HAL_Driver/Src/stm32h7xx_hal_adc_ex.o
 .text.HAL_ADCEx_Calibration_Start
                0x08004188       0xc8 ./Drivers/STM32H7xx_HAL_Driver/Src/stm32h7xx_hal_adc_ex.o
                0x08004188                HAL_ADCEx_Calibration_Start
 .text.HAL_ADCEx_InjectedConvCpltCallback
                0x08004250       0x14 ./Drivers/STM32H7xx_HAL_Driver/Src/stm32h7xx_hal_adc_ex.o
                0x08004250                HAL_ADCEx_InjectedConvCpltCallback
 .text.HAL_ADCEx_InjectedQueueOverflowCallback
                0x08004264       0x14 ./Drivers/STM32H7xx_HAL_Driver/Src/stm32h7xx_hal_adc_ex.o
                0x08004264                HAL_ADCEx_InjectedQueueOverflowCallback
 .text.HAL_ADCEx_LevelOutOfWindow2Callback
                0x08004278       0x14 ./Drivers/STM32H7xx_HAL_Driver/Src/stm32h7xx_hal_adc_ex.o
                0x08004278                HAL_ADCEx_LevelOutOfWindow2Callback
 .text.HAL_ADCEx_LevelOutOfWindow3Callback
                0x0800428c       0x14 ./Drivers/STM32H7xx_HAL_Driver/Src/stm32h7xx_hal_adc_ex.o
                0x0800428c                HAL_ADCEx_LevelOutOfWindow3Callback
 .text.HAL_ADCEx_EndOfSamplingCallback
                0x080042a0       0x14 ./Drivers/STM32H7xx_HAL_Driver/Src/stm32h7xx_hal_adc_ex.o
                0x080042a0                HAL_ADCEx_EndOfSamplingCallback
 .text.__NVIC_SetPriorityGrouping
                0x080042b4       0x48 ./Drivers/STM32H7xx_HAL_Driver/Src/stm32h7xx_hal_cortex.o
 .text.__NVIC_GetPriorityGrouping
                0x080042fc       0x1c ./Drivers/STM32H7xx_HAL_Driver/Src/stm32h7xx_hal_cortex.o
 .text.__NVIC_EnableIRQ
                0x08004318       0x3c ./Drivers/STM32H7xx_HAL_Driver/Src/stm32h7xx_hal_cortex.o
 .text.__NVIC_SetPriority
                0x08004354       0x54 ./Drivers/STM32H7xx_HAL_Driver/Src/stm32h7xx_hal_cortex.o
 .text.NVIC_EncodePriority
                0x080043a8       0x66 ./Drivers/STM32H7xx_HAL_Driver/Src/stm32h7xx_hal_cortex.o
 *fill*         0x0800440e        0x2 
 .text.SysTick_Config
                0x08004410       0x44 ./Drivers/STM32H7xx_HAL_Driver/Src/stm32h7xx_hal_cortex.o
 .text.HAL_NVIC_SetPriorityGrouping
                0x08004454       0x16 ./Drivers/STM32H7xx_HAL_Driver/Src/stm32h7xx_hal_cortex.o
                0x08004454                HAL_NVIC_SetPriorityGrouping
 .text.HAL_NVIC_SetPriority
                0x0800446a       0x34 ./Drivers/STM32H7xx_HAL_Driver/Src/stm32h7xx_hal_cortex.o
                0x0800446a                HAL_NVIC_SetPriority
 .text.HAL_NVIC_EnableIRQ
                0x0800449e       0x1c ./Drivers/STM32H7xx_HAL_Driver/Src/stm32h7xx_hal_cortex.o
                0x0800449e                HAL_NVIC_EnableIRQ
 .text.HAL_SYSTICK_Config
                0x080044ba       0x18 ./Drivers/STM32H7xx_HAL_Driver/Src/stm32h7xx_hal_cortex.o
                0x080044ba                HAL_SYSTICK_Config
 *fill*         0x080044d2        0x2 
 .text.HAL_MPU_Disable
                0x080044d4       0x30 ./Drivers/STM32H7xx_HAL_Driver/Src/stm32h7xx_hal_cortex.o
                0x080044d4                HAL_MPU_Disable
 .text.HAL_MPU_Enable
                0x08004504       0x40 ./Drivers/STM32H7xx_HAL_Driver/Src/stm32h7xx_hal_cortex.o
                0x08004504                HAL_MPU_Enable
 .text.HAL_MPU_ConfigRegion
                0x08004544       0x80 ./Drivers/STM32H7xx_HAL_Driver/Src/stm32h7xx_hal_cortex.o
                0x08004544                HAL_MPU_ConfigRegion
 .text.HAL_GPIO_Init
                0x080045c4      0x360 ./Drivers/STM32H7xx_HAL_Driver/Src/stm32h7xx_hal_gpio.o
                0x080045c4                HAL_GPIO_Init
 .text.HAL_GPIO_WritePin
                0x08004924       0x32 ./Drivers/STM32H7xx_HAL_Driver/Src/stm32h7xx_hal_gpio.o
                0x08004924                HAL_GPIO_WritePin
 .text.HAL_GPIO_TogglePin
                0x08004956       0x34 ./Drivers/STM32H7xx_HAL_Driver/Src/stm32h7xx_hal_gpio.o
                0x08004956                HAL_GPIO_TogglePin
 *fill*         0x0800498a        0x2 
 .text.HAL_PWREx_ConfigSupply
                0x0800498c       0x74 ./Drivers/STM32H7xx_HAL_Driver/Src/stm32h7xx_hal_pwr_ex.o
                0x0800498c                HAL_PWREx_ConfigSupply
 .text.HAL_RCC_OscConfig
                0x08004a00      0x8b4 ./Drivers/STM32H7xx_HAL_Driver/Src/stm32h7xx_hal_rcc.o
                0x08004a00                HAL_RCC_OscConfig
 .text.HAL_RCC_ClockConfig
                0x080052b4      0x36c ./Drivers/STM32H7xx_HAL_Driver/Src/stm32h7xx_hal_rcc.o
                0x080052b4                HAL_RCC_ClockConfig
 .text.HAL_RCC_GetSysClockFreq
                0x08005620      0x2f4 ./Drivers/STM32H7xx_HAL_Driver/Src/stm32h7xx_hal_rcc.o
                0x08005620                HAL_RCC_GetSysClockFreq
 .text.HAL_RCC_GetHCLKFreq
                0x08005914       0x60 ./Drivers/STM32H7xx_HAL_Driver/Src/stm32h7xx_hal_rcc.o
                0x08005914                HAL_RCC_GetHCLKFreq
 .text.HAL_RCC_GetPCLK1Freq
                0x08005974       0x2c ./Drivers/STM32H7xx_HAL_Driver/Src/stm32h7xx_hal_rcc.o
                0x08005974                HAL_RCC_GetPCLK1Freq
 .text.HAL_RCC_GetPCLK2Freq
                0x080059a0       0x2c ./Drivers/STM32H7xx_HAL_Driver/Src/stm32h7xx_hal_rcc.o
                0x080059a0                HAL_RCC_GetPCLK2Freq
 .text.HAL_RCCEx_PeriphCLKConfig
                0x080059cc     0x1414 ./Drivers/STM32H7xx_HAL_Driver/Src/stm32h7xx_hal_rcc_ex.o
                0x080059cc                HAL_RCCEx_PeriphCLKConfig
 .text.HAL_RCCEx_GetPeriphCLKFreq
                0x08006de0      0xb00 ./Drivers/STM32H7xx_HAL_Driver/Src/stm32h7xx_hal_rcc_ex.o
                0x08006de0                HAL_RCCEx_GetPeriphCLKFreq
 .text.HAL_RCCEx_GetD3PCLK1Freq
                0x080078e0       0x2c ./Drivers/STM32H7xx_HAL_Driver/Src/stm32h7xx_hal_rcc_ex.o
                0x080078e0                HAL_RCCEx_GetD3PCLK1Freq
 .text.HAL_RCCEx_GetPLL2ClockFreq
                0x0800790c      0x2a8 ./Drivers/STM32H7xx_HAL_Driver/Src/stm32h7xx_hal_rcc_ex.o
                0x0800790c                HAL_RCCEx_GetPLL2ClockFreq
 .text.HAL_RCCEx_GetPLL3ClockFreq
                0x08007bb4      0x2a8 ./Drivers/STM32H7xx_HAL_Driver/Src/stm32h7xx_hal_rcc_ex.o
                0x08007bb4                HAL_RCCEx_GetPLL3ClockFreq
 .text.HAL_RCCEx_GetPLL1ClockFreq
                0x08007e5c      0x2a4 ./Drivers/STM32H7xx_HAL_Driver/Src/stm32h7xx_hal_rcc_ex.o
                0x08007e5c                HAL_RCCEx_GetPLL1ClockFreq
 .text.RCCEx_PLL2_Config
                0x08008100      0x164 ./Drivers/STM32H7xx_HAL_Driver/Src/stm32h7xx_hal_rcc_ex.o
 .text.RCCEx_PLL3_Config
                0x08008264      0x164 ./Drivers/STM32H7xx_HAL_Driver/Src/stm32h7xx_hal_rcc_ex.o
 .text.HAL_TIM_Base_Init
                0x080083c8       0xae ./Drivers/STM32H7xx_HAL_Driver/Src/stm32h7xx_hal_tim.o
                0x080083c8                HAL_TIM_Base_Init
 *fill*         0x08008476        0x2 
 .text.HAL_TIM_Base_Start
                0x08008478       0xe0 ./Drivers/STM32H7xx_HAL_Driver/Src/stm32h7xx_hal_tim.o
                0x08008478                HAL_TIM_Base_Start
 .text.HAL_TIM_ConfigClockSource
                0x08008558      0x1f0 ./Drivers/STM32H7xx_HAL_Driver/Src/stm32h7xx_hal_tim.o
                0x08008558                HAL_TIM_ConfigClockSource
 .text.TIM_Base_SetConfig
                0x08008748      0x140 ./Drivers/STM32H7xx_HAL_Driver/Src/stm32h7xx_hal_tim.o
                0x08008748                TIM_Base_SetConfig
 .text.TIM_TI1_ConfigInputStage
                0x08008888       0x5e ./Drivers/STM32H7xx_HAL_Driver/Src/stm32h7xx_hal_tim.o
 .text.TIM_TI2_ConfigInputStage
                0x080088e6       0x60 ./Drivers/STM32H7xx_HAL_Driver/Src/stm32h7xx_hal_tim.o
 *fill*         0x08008946        0x2 
 .text.TIM_ITRx_SetConfig
                0x08008948       0x3c ./Drivers/STM32H7xx_HAL_Driver/Src/stm32h7xx_hal_tim.o
 .text.TIM_ETR_SetConfig
                0x08008984       0x40 ./Drivers/STM32H7xx_HAL_Driver/Src/stm32h7xx_hal_tim.o
                0x08008984                TIM_ETR_SetConfig
 .text.HAL_TIMEx_MasterConfigSynchronization
                0x080089c4      0x11c ./Drivers/STM32H7xx_HAL_Driver/Src/stm32h7xx_hal_tim_ex.o
                0x080089c4                HAL_TIMEx_MasterConfigSynchronization
 .text.HAL_UART_Init
                0x08008ae0       0xa0 ./Drivers/STM32H7xx_HAL_Driver/Src/stm32h7xx_hal_uart.o
                0x08008ae0                HAL_UART_Init
 .text.HAL_UART_Transmit
                0x08008b80      0x11c ./Drivers/STM32H7xx_HAL_Driver/Src/stm32h7xx_hal_uart.o
                0x08008b80                HAL_UART_Transmit
 .text.UART_SetConfig
                0x08008c9c      0xad0 ./Drivers/STM32H7xx_HAL_Driver/Src/stm32h7xx_hal_uart.o
                0x08008c9c                UART_SetConfig
 .text.UART_AdvFeatureConfig
                0x0800976c      0x144 ./Drivers/STM32H7xx_HAL_Driver/Src/stm32h7xx_hal_uart.o
                0x0800976c                UART_AdvFeatureConfig
 .text.UART_CheckIdleState
                0x080098b0      0x154 ./Drivers/STM32H7xx_HAL_Driver/Src/stm32h7xx_hal_uart.o
                0x080098b0                UART_CheckIdleState
 .text.UART_WaitOnFlagUntilTimeout
                0x08009a04       0xda ./Drivers/STM32H7xx_HAL_Driver/Src/stm32h7xx_hal_uart.o
                0x08009a04                UART_WaitOnFlagUntilTimeout
 *fill*         0x08009ade        0x2 
 .text.UART_EndRxTransfer
                0x08009ae0       0xcc ./Drivers/STM32H7xx_HAL_Driver/Src/stm32h7xx_hal_uart.o
 .text.HAL_UARTEx_DisableFifoMode
                0x08009bac       0x72 ./Drivers/STM32H7xx_HAL_Driver/Src/stm32h7xx_hal_uart_ex.o
                0x08009bac                HAL_UARTEx_DisableFifoMode
 .text.HAL_UARTEx_SetTxFifoThreshold
                0x08009c1e       0x7c ./Drivers/STM32H7xx_HAL_Driver/Src/stm32h7xx_hal_uart_ex.o
                0x08009c1e                HAL_UARTEx_SetTxFifoThreshold
 .text.HAL_UARTEx_SetRxFifoThreshold
                0x08009c9a       0x7c ./Drivers/STM32H7xx_HAL_Driver/Src/stm32h7xx_hal_uart_ex.o
                0x08009c9a                HAL_UARTEx_SetRxFifoThreshold
 *fill*         0x08009d16        0x2 
 .text.UARTEx_SetNbDataToProcess
                0x08009d18       0x9c ./Drivers/STM32H7xx_HAL_Driver/Src/stm32h7xx_hal_uart_ex.o
 .text.arm_rfft_fast_init_f32
                0x08009db4      0x164 C:\Users\klokn\STM32CubeIDE\nucleo_board_tests\FFT_Testing\Lib\libarm_cortexM7lfsp_math.a(arm_rfft_fast_init_f32.o)
                0x08009db4                arm_rfft_fast_init_f32
 .text.arm_rfft_fast_f32
                0x08009f18      0x188 C:\Users\klokn\STM32CubeIDE\nucleo_board_tests\FFT_Testing\Lib\libarm_cortexM7lfsp_math.a(arm_rfft_fast_f32.o)
                0x08009f18                arm_rfft_fast_f32
 .text.arm_cfft_radix8by2_f32
                0x0800a0a0      0x1a4 C:\Users\klokn\STM32CubeIDE\nucleo_board_tests\FFT_Testing\Lib\libarm_cortexM7lfsp_math.a(arm_cfft_f32.o)
                0x0800a0a0                arm_cfft_radix8by2_f32
 .text.arm_cfft_radix8by4_f32
                0x0800a244      0x4b0 C:\Users\klokn\STM32CubeIDE\nucleo_board_tests\FFT_Testing\Lib\libarm_cortexM7lfsp_math.a(arm_cfft_f32.o)
                0x0800a244                arm_cfft_radix8by4_f32
 .text.arm_cfft_f32
                0x0800a6f4       0xf0 C:\Users\klokn\STM32CubeIDE\nucleo_board_tests\FFT_Testing\Lib\libarm_cortexM7lfsp_math.a(arm_cfft_f32.o)
                0x0800a6f4                arm_cfft_f32
 .text.arm_radix8_butterfly_f32
                0x0800a7e4      0x5c0 C:\Users\klokn\STM32CubeIDE\nucleo_board_tests\FFT_Testing\Lib\libarm_cortexM7lfsp_math.a(arm_cfft_radix8_f32.o)
                0x0800a7e4                arm_radix8_butterfly_f32
 .text.__cvt    0x0800ada4       0xa8 C:/ST/STM32CubeIDE_1.18.0/STM32CubeIDE/plugins/com.st.stm32cube.ide.mcu.externaltools.gnu-tools-for-stm32.13.3.rel1.win32_1.0.0.202411081344/tools/bin/../lib/gcc/arm-none-eabi/13.3.1/../../../../arm-none-eabi/lib/thumb/v7e-m+dp/hard\libc_nano.a(libc_a-nano-vfprintf_float.o)
                0x0800ada4                __cvt
 .text.__exponent
                0x0800ae4c       0x74 C:/ST/STM32CubeIDE_1.18.0/STM32CubeIDE/plugins/com.st.stm32cube.ide.mcu.externaltools.gnu-tools-for-stm32.13.3.rel1.win32_1.0.0.202411081344/tools/bin/../lib/gcc/arm-none-eabi/13.3.1/../../../../arm-none-eabi/lib/thumb/v7e-m+dp/hard\libc_nano.a(libc_a-nano-vfprintf_float.o)
                0x0800ae4c                __exponent
 .text._printf_float
                0x0800aec0      0x434 C:/ST/STM32CubeIDE_1.18.0/STM32CubeIDE/plugins/com.st.stm32cube.ide.mcu.externaltools.gnu-tools-for-stm32.13.3.rel1.win32_1.0.0.202411081344/tools/bin/../lib/gcc/arm-none-eabi/13.3.1/../../../../arm-none-eabi/lib/thumb/v7e-m+dp/hard\libc_nano.a(libc_a-nano-vfprintf_float.o)
                0x0800aec0                _printf_float
 .text._printf_common
                0x0800b2f4       0xda C:/ST/STM32CubeIDE_1.18.0/STM32CubeIDE/plugins/com.st.stm32cube.ide.mcu.externaltools.gnu-tools-for-stm32.13.3.rel1.win32_1.0.0.202411081344/tools/bin/../lib/gcc/arm-none-eabi/13.3.1/../../../../arm-none-eabi/lib/thumb/v7e-m+dp/hard\libc_nano.a(libc_a-nano-vfprintf_i.o)
                0x0800b2f4                _printf_common
 *fill*         0x0800b3ce        0x2 
 .text._printf_i
                0x0800b3d0      0x23c C:/ST/STM32CubeIDE_1.18.0/STM32CubeIDE/plugins/com.st.stm32cube.ide.mcu.externaltools.gnu-tools-for-stm32.13.3.rel1.win32_1.0.0.202411081344/tools/bin/../lib/gcc/arm-none-eabi/13.3.1/../../../../arm-none-eabi/lib/thumb/v7e-m+dp/hard\libc_nano.a(libc_a-nano-vfprintf_i.o)
                0x0800b3d0                _printf_i
 .text.std      0x0800b60c       0x6c C:/ST/STM32CubeIDE_1.18.0/STM32CubeIDE/plugins/com.st.stm32cube.ide.mcu.externaltools.gnu-tools-for-stm32.13.3.rel1.win32_1.0.0.202411081344/tools/bin/../lib/gcc/arm-none-eabi/13.3.1/../../../../arm-none-eabi/lib/thumb/v7e-m+dp/hard\libc_nano.a(libc_a-findfp.o)
 .text.stdio_exit_handler
                0x0800b678       0x18 C:/ST/STM32CubeIDE_1.18.0/STM32CubeIDE/plugins/com.st.stm32cube.ide.mcu.externaltools.gnu-tools-for-stm32.13.3.rel1.win32_1.0.0.202411081344/tools/bin/../lib/gcc/arm-none-eabi/13.3.1/../../../../arm-none-eabi/lib/thumb/v7e-m+dp/hard\libc_nano.a(libc_a-findfp.o)
 .text.cleanup_stdio
                0x0800b690       0x40 C:/ST/STM32CubeIDE_1.18.0/STM32CubeIDE/plugins/com.st.stm32cube.ide.mcu.externaltools.gnu-tools-for-stm32.13.3.rel1.win32_1.0.0.202411081344/tools/bin/../lib/gcc/arm-none-eabi/13.3.1/../../../../arm-none-eabi/lib/thumb/v7e-m+dp/hard\libc_nano.a(libc_a-findfp.o)
 .text.global_stdio_init.part.0
                0x0800b6d0       0x3c C:/ST/STM32CubeIDE_1.18.0/STM32CubeIDE/plugins/com.st.stm32cube.ide.mcu.externaltools.gnu-tools-for-stm32.13.3.rel1.win32_1.0.0.202411081344/tools/bin/../lib/gcc/arm-none-eabi/13.3.1/../../../../arm-none-eabi/lib/thumb/v7e-m+dp/hard\libc_nano.a(libc_a-findfp.o)
 .text.__sfp_lock_acquire
                0x0800b70c        0xc C:/ST/STM32CubeIDE_1.18.0/STM32CubeIDE/plugins/com.st.stm32cube.ide.mcu.externaltools.gnu-tools-for-stm32.13.3.rel1.win32_1.0.0.202411081344/tools/bin/../lib/gcc/arm-none-eabi/13.3.1/../../../../arm-none-eabi/lib/thumb/v7e-m+dp/hard\libc_nano.a(libc_a-findfp.o)
                0x0800b70c                __sfp_lock_acquire
 .text.__sfp_lock_release
                0x0800b718        0xc C:/ST/STM32CubeIDE_1.18.0/STM32CubeIDE/plugins/com.st.stm32cube.ide.mcu.externaltools.gnu-tools-for-stm32.13.3.rel1.win32_1.0.0.202411081344/tools/bin/../lib/gcc/arm-none-eabi/13.3.1/../../../../arm-none-eabi/lib/thumb/v7e-m+dp/hard\libc_nano.a(libc_a-findfp.o)
                0x0800b718                __sfp_lock_release
 .text.__sinit  0x0800b724       0x30 C:/ST/STM32CubeIDE_1.18.0/STM32CubeIDE/plugins/com.st.stm32cube.ide.mcu.externaltools.gnu-tools-for-stm32.13.3.rel1.win32_1.0.0.202411081344/tools/bin/../lib/gcc/arm-none-eabi/13.3.1/../../../../arm-none-eabi/lib/thumb/v7e-m+dp/hard\libc_nano.a(libc_a-findfp.o)
                0x0800b724                __sinit
 .text._fwalk_sglue
                0x0800b754       0x3c C:/ST/STM32CubeIDE_1.18.0/STM32CubeIDE/plugins/com.st.stm32cube.ide.mcu.externaltools.gnu-tools-for-stm32.13.3.rel1.win32_1.0.0.202411081344/tools/bin/../lib/gcc/arm-none-eabi/13.3.1/../../../../arm-none-eabi/lib/thumb/v7e-m+dp/hard\libc_nano.a(libc_a-fwalk.o)
                0x0800b754                _fwalk_sglue
 .text.snprintf
                0x0800b790       0x6c C:/ST/STM32CubeIDE_1.18.0/STM32CubeIDE/plugins/com.st.stm32cube.ide.mcu.externaltools.gnu-tools-for-stm32.13.3.rel1.win32_1.0.0.202411081344/tools/bin/../lib/gcc/arm-none-eabi/13.3.1/../../../../arm-none-eabi/lib/thumb/v7e-m+dp/hard\libc_nano.a(libc_a-snprintf.o)
                0x0800b790                sniprintf
                0x0800b790                snprintf
 .text.__sread  0x0800b7fc       0x22 C:/ST/STM32CubeIDE_1.18.0/STM32CubeIDE/plugins/com.st.stm32cube.ide.mcu.externaltools.gnu-tools-for-stm32.13.3.rel1.win32_1.0.0.202411081344/tools/bin/../lib/gcc/arm-none-eabi/13.3.1/../../../../arm-none-eabi/lib/thumb/v7e-m+dp/hard\libc_nano.a(libc_a-stdio.o)
                0x0800b7fc                __sread
 .text.__swrite
                0x0800b81e       0x38 C:/ST/STM32CubeIDE_1.18.0/STM32CubeIDE/plugins/com.st.stm32cube.ide.mcu.externaltools.gnu-tools-for-stm32.13.3.rel1.win32_1.0.0.202411081344/tools/bin/../lib/gcc/arm-none-eabi/13.3.1/../../../../arm-none-eabi/lib/thumb/v7e-m+dp/hard\libc_nano.a(libc_a-stdio.o)
                0x0800b81e                __swrite
 .text.__sseek  0x0800b856       0x24 C:/ST/STM32CubeIDE_1.18.0/STM32CubeIDE/plugins/com.st.stm32cube.ide.mcu.externaltools.gnu-tools-for-stm32.13.3.rel1.win32_1.0.0.202411081344/tools/bin/../lib/gcc/arm-none-eabi/13.3.1/../../../../arm-none-eabi/lib/thumb/v7e-m+dp/hard\libc_nano.a(libc_a-stdio.o)
                0x0800b856                __sseek
 .text.__sclose
                0x0800b87a        0x8 C:/ST/STM32CubeIDE_1.18.0/STM32CubeIDE/plugins/com.st.stm32cube.ide.mcu.externaltools.gnu-tools-for-stm32.13.3.rel1.win32_1.0.0.202411081344/tools/bin/../lib/gcc/arm-none-eabi/13.3.1/../../../../arm-none-eabi/lib/thumb/v7e-m+dp/hard\libc_nano.a(libc_a-stdio.o)
                0x0800b87a                __sclose
 .text.memset   0x0800b882       0x10 C:/ST/STM32CubeIDE_1.18.0/STM32CubeIDE/plugins/com.st.stm32cube.ide.mcu.externaltools.gnu-tools-for-stm32.13.3.rel1.win32_1.0.0.202411081344/tools/bin/../lib/gcc/arm-none-eabi/13.3.1/../../../../arm-none-eabi/lib/thumb/v7e-m+dp/hard\libc_nano.a(libc_a-memset.o)
                0x0800b882                memset
 *fill*         0x0800b892        0x2 
 .text._localeconv_r
                0x0800b894        0x8 C:/ST/STM32CubeIDE_1.18.0/STM32CubeIDE/plugins/com.st.stm32cube.ide.mcu.externaltools.gnu-tools-for-stm32.13.3.rel1.win32_1.0.0.202411081344/tools/bin/../lib/gcc/arm-none-eabi/13.3.1/../../../../arm-none-eabi/lib/thumb/v7e-m+dp/hard\libc_nano.a(libc_a-localeconv.o)
                0x0800b894                _localeconv_r
 .text._close_r
                0x0800b89c       0x20 C:/ST/STM32CubeIDE_1.18.0/STM32CubeIDE/plugins/com.st.stm32cube.ide.mcu.externaltools.gnu-tools-for-stm32.13.3.rel1.win32_1.0.0.202411081344/tools/bin/../lib/gcc/arm-none-eabi/13.3.1/../../../../arm-none-eabi/lib/thumb/v7e-m+dp/hard\libc_nano.a(libc_a-closer.o)
                0x0800b89c                _close_r
 .text._lseek_r
                0x0800b8bc       0x24 C:/ST/STM32CubeIDE_1.18.0/STM32CubeIDE/plugins/com.st.stm32cube.ide.mcu.externaltools.gnu-tools-for-stm32.13.3.rel1.win32_1.0.0.202411081344/tools/bin/../lib/gcc/arm-none-eabi/13.3.1/../../../../arm-none-eabi/lib/thumb/v7e-m+dp/hard\libc_nano.a(libc_a-lseekr.o)
                0x0800b8bc                _lseek_r
 .text._read_r  0x0800b8e0       0x24 C:/ST/STM32CubeIDE_1.18.0/STM32CubeIDE/plugins/com.st.stm32cube.ide.mcu.externaltools.gnu-tools-for-stm32.13.3.rel1.win32_1.0.0.202411081344/tools/bin/../lib/gcc/arm-none-eabi/13.3.1/../../../../arm-none-eabi/lib/thumb/v7e-m+dp/hard\libc_nano.a(libc_a-readr.o)
                0x0800b8e0                _read_r
 .text._write_r
                0x0800b904       0x24 C:/ST/STM32CubeIDE_1.18.0/STM32CubeIDE/plugins/com.st.stm32cube.ide.mcu.externaltools.gnu-tools-for-stm32.13.3.rel1.win32_1.0.0.202411081344/tools/bin/../lib/gcc/arm-none-eabi/13.3.1/../../../../arm-none-eabi/lib/thumb/v7e-m+dp/hard\libc_nano.a(libc_a-writer.o)
                0x0800b904                _write_r
 .text.__errno  0x0800b928        0xc C:/ST/STM32CubeIDE_1.18.0/STM32CubeIDE/plugins/com.st.stm32cube.ide.mcu.externaltools.gnu-tools-for-stm32.13.3.rel1.win32_1.0.0.202411081344/tools/bin/../lib/gcc/arm-none-eabi/13.3.1/../../../../arm-none-eabi/lib/thumb/v7e-m+dp/hard\libc_nano.a(libc_a-errno.o)
                0x0800b928                __errno
 .text.__libc_init_array
                0x0800b934       0x48 C:/ST/STM32CubeIDE_1.18.0/STM32CubeIDE/plugins/com.st.stm32cube.ide.mcu.externaltools.gnu-tools-for-stm32.13.3.rel1.win32_1.0.0.202411081344/tools/bin/../lib/gcc/arm-none-eabi/13.3.1/../../../../arm-none-eabi/lib/thumb/v7e-m+dp/hard\libc_nano.a(libc_a-init.o)
                0x0800b934                __libc_init_array
 .text.__retarget_lock_init_recursive
                0x0800b97c        0x2 C:/ST/STM32CubeIDE_1.18.0/STM32CubeIDE/plugins/com.st.stm32cube.ide.mcu.externaltools.gnu-tools-for-stm32.13.3.rel1.win32_1.0.0.202411081344/tools/bin/../lib/gcc/arm-none-eabi/13.3.1/../../../../arm-none-eabi/lib/thumb/v7e-m+dp/hard\libc_nano.a(libc_a-lock.o)
                0x0800b97c                __retarget_lock_init_recursive
 .text.__retarget_lock_acquire_recursive
                0x0800b97e        0x2 C:/ST/STM32CubeIDE_1.18.0/STM32CubeIDE/plugins/com.st.stm32cube.ide.mcu.externaltools.gnu-tools-for-stm32.13.3.rel1.win32_1.0.0.202411081344/tools/bin/../lib/gcc/arm-none-eabi/13.3.1/../../../../arm-none-eabi/lib/thumb/v7e-m+dp/hard\libc_nano.a(libc_a-lock.o)
                0x0800b97e                __retarget_lock_acquire_recursive
 .text.__retarget_lock_release_recursive
                0x0800b980        0x2 C:/ST/STM32CubeIDE_1.18.0/STM32CubeIDE/plugins/com.st.stm32cube.ide.mcu.externaltools.gnu-tools-for-stm32.13.3.rel1.win32_1.0.0.202411081344/tools/bin/../lib/gcc/arm-none-eabi/13.3.1/../../../../arm-none-eabi/lib/thumb/v7e-m+dp/hard\libc_nano.a(libc_a-lock.o)
                0x0800b980                __retarget_lock_release_recursive
 .text.quorem   0x0800b982      0x110 C:/ST/STM32CubeIDE_1.18.0/STM32CubeIDE/plugins/com.st.stm32cube.ide.mcu.externaltools.gnu-tools-for-stm32.13.3.rel1.win32_1.0.0.202411081344/tools/bin/../lib/gcc/arm-none-eabi/13.3.1/../../../../arm-none-eabi/lib/thumb/v7e-m+dp/hard\libc_nano.a(libc_a-dtoa.o)
 *fill*         0x0800ba92        0x6 
 .text._dtoa_r  0x0800ba98      0xabc C:/ST/STM32CubeIDE_1.18.0/STM32CubeIDE/plugins/com.st.stm32cube.ide.mcu.externaltools.gnu-tools-for-stm32.13.3.rel1.win32_1.0.0.202411081344/tools/bin/../lib/gcc/arm-none-eabi/13.3.1/../../../../arm-none-eabi/lib/thumb/v7e-m+dp/hard\libc_nano.a(libc_a-dtoa.o)
                0x0800ba98                _dtoa_r
 .text._free_r  0x0800c554       0x94 C:/ST/STM32CubeIDE_1.18.0/STM32CubeIDE/plugins/com.st.stm32cube.ide.mcu.externaltools.gnu-tools-for-stm32.13.3.rel1.win32_1.0.0.202411081344/tools/bin/../lib/gcc/arm-none-eabi/13.3.1/../../../../arm-none-eabi/lib/thumb/v7e-m+dp/hard\libc_nano.a(libc_a-freer.o)
                0x0800c554                _free_r
 .text.malloc   0x0800c5e8       0x10 C:/ST/STM32CubeIDE_1.18.0/STM32CubeIDE/plugins/com.st.stm32cube.ide.mcu.externaltools.gnu-tools-for-stm32.13.3.rel1.win32_1.0.0.202411081344/tools/bin/../lib/gcc/arm-none-eabi/13.3.1/../../../../arm-none-eabi/lib/thumb/v7e-m+dp/hard\libc_nano.a(libc_a-malloc.o)
                0x0800c5e8                malloc
 .text.sbrk_aligned
                0x0800c5f8       0x44 C:/ST/STM32CubeIDE_1.18.0/STM32CubeIDE/plugins/com.st.stm32cube.ide.mcu.externaltools.gnu-tools-for-stm32.13.3.rel1.win32_1.0.0.202411081344/tools/bin/../lib/gcc/arm-none-eabi/13.3.1/../../../../arm-none-eabi/lib/thumb/v7e-m+dp/hard\libc_nano.a(libc_a-mallocr.o)
 .text._malloc_r
                0x0800c63c      0x100 C:/ST/STM32CubeIDE_1.18.0/STM32CubeIDE/plugins/com.st.stm32cube.ide.mcu.externaltools.gnu-tools-for-stm32.13.3.rel1.win32_1.0.0.202411081344/tools/bin/../lib/gcc/arm-none-eabi/13.3.1/../../../../arm-none-eabi/lib/thumb/v7e-m+dp/hard\libc_nano.a(libc_a-mallocr.o)
                0x0800c63c                _malloc_r
 .text.__malloc_lock
                0x0800c73c        0xc C:/ST/STM32CubeIDE_1.18.0/STM32CubeIDE/plugins/com.st.stm32cube.ide.mcu.externaltools.gnu-tools-for-stm32.13.3.rel1.win32_1.0.0.202411081344/tools/bin/../lib/gcc/arm-none-eabi/13.3.1/../../../../arm-none-eabi/lib/thumb/v7e-m+dp/hard\libc_nano.a(libc_a-mlock.o)
                0x0800c73c                __malloc_lock
 .text.__malloc_unlock
                0x0800c748        0xc C:/ST/STM32CubeIDE_1.18.0/STM32CubeIDE/plugins/com.st.stm32cube.ide.mcu.externaltools.gnu-tools-for-stm32.13.3.rel1.win32_1.0.0.202411081344/tools/bin/../lib/gcc/arm-none-eabi/13.3.1/../../../../arm-none-eabi/lib/thumb/v7e-m+dp/hard\libc_nano.a(libc_a-mlock.o)
                0x0800c748                __malloc_unlock
 .text._Balloc  0x0800c754       0x80 C:/ST/STM32CubeIDE_1.18.0/STM32CubeIDE/plugins/com.st.stm32cube.ide.mcu.externaltools.gnu-tools-for-stm32.13.3.rel1.win32_1.0.0.202411081344/tools/bin/../lib/gcc/arm-none-eabi/13.3.1/../../../../arm-none-eabi/lib/thumb/v7e-m+dp/hard\libc_nano.a(libc_a-mprec.o)
                0x0800c754                _Balloc
 .text._Bfree   0x0800c7d4       0x44 C:/ST/STM32CubeIDE_1.18.0/STM32CubeIDE/plugins/com.st.stm32cube.ide.mcu.externaltools.gnu-tools-for-stm32.13.3.rel1.win32_1.0.0.202411081344/tools/bin/../lib/gcc/arm-none-eabi/13.3.1/../../../../arm-none-eabi/lib/thumb/v7e-m+dp/hard\libc_nano.a(libc_a-mprec.o)
                0x0800c7d4                _Bfree
 .text.__multadd
                0x0800c818       0x8c C:/ST/STM32CubeIDE_1.18.0/STM32CubeIDE/plugins/com.st.stm32cube.ide.mcu.externaltools.gnu-tools-for-stm32.13.3.rel1.win32_1.0.0.202411081344/tools/bin/../lib/gcc/arm-none-eabi/13.3.1/../../../../arm-none-eabi/lib/thumb/v7e-m+dp/hard\libc_nano.a(libc_a-mprec.o)
                0x0800c818                __multadd
 .text.__hi0bits
                0x0800c8a4       0x3e C:/ST/STM32CubeIDE_1.18.0/STM32CubeIDE/plugins/com.st.stm32cube.ide.mcu.externaltools.gnu-tools-for-stm32.13.3.rel1.win32_1.0.0.202411081344/tools/bin/../lib/gcc/arm-none-eabi/13.3.1/../../../../arm-none-eabi/lib/thumb/v7e-m+dp/hard\libc_nano.a(libc_a-mprec.o)
                0x0800c8a4                __hi0bits
 .text.__lo0bits
                0x0800c8e2       0x5a C:/ST/STM32CubeIDE_1.18.0/STM32CubeIDE/plugins/com.st.stm32cube.ide.mcu.externaltools.gnu-tools-for-stm32.13.3.rel1.win32_1.0.0.202411081344/tools/bin/../lib/gcc/arm-none-eabi/13.3.1/../../../../arm-none-eabi/lib/thumb/v7e-m+dp/hard\libc_nano.a(libc_a-mprec.o)
                0x0800c8e2                __lo0bits
 .text.__i2b    0x0800c93c       0x2c C:/ST/STM32CubeIDE_1.18.0/STM32CubeIDE/plugins/com.st.stm32cube.ide.mcu.externaltools.gnu-tools-for-stm32.13.3.rel1.win32_1.0.0.202411081344/tools/bin/../lib/gcc/arm-none-eabi/13.3.1/../../../../arm-none-eabi/lib/thumb/v7e-m+dp/hard\libc_nano.a(libc_a-mprec.o)
                0x0800c93c                __i2b
 .text.__multiply
                0x0800c968      0x144 C:/ST/STM32CubeIDE_1.18.0/STM32CubeIDE/plugins/com.st.stm32cube.ide.mcu.externaltools.gnu-tools-for-stm32.13.3.rel1.win32_1.0.0.202411081344/tools/bin/../lib/gcc/arm-none-eabi/13.3.1/../../../../arm-none-eabi/lib/thumb/v7e-m+dp/hard\libc_nano.a(libc_a-mprec.o)
                0x0800c968                __multiply
 .text.__pow5mult
                0x0800caac       0xb4 C:/ST/STM32CubeIDE_1.18.0/STM32CubeIDE/plugins/com.st.stm32cube.ide.mcu.externaltools.gnu-tools-for-stm32.13.3.rel1.win32_1.0.0.202411081344/tools/bin/../lib/gcc/arm-none-eabi/13.3.1/../../../../arm-none-eabi/lib/thumb/v7e-m+dp/hard\libc_nano.a(libc_a-mprec.o)
                0x0800caac                __pow5mult
 .text.__lshift
                0x0800cb60       0xd8 C:/ST/STM32CubeIDE_1.18.0/STM32CubeIDE/plugins/com.st.stm32cube.ide.mcu.externaltools.gnu-tools-for-stm32.13.3.rel1.win32_1.0.0.202411081344/tools/bin/../lib/gcc/arm-none-eabi/13.3.1/../../../../arm-none-eabi/lib/thumb/v7e-m+dp/hard\libc_nano.a(libc_a-mprec.o)
                0x0800cb60                __lshift
 .text.__mcmp   0x0800cc38       0x36 C:/ST/STM32CubeIDE_1.18.0/STM32CubeIDE/plugins/com.st.stm32cube.ide.mcu.externaltools.gnu-tools-for-stm32.13.3.rel1.win32_1.0.0.202411081344/tools/bin/../lib/gcc/arm-none-eabi/13.3.1/../../../../arm-none-eabi/lib/thumb/v7e-m+dp/hard\libc_nano.a(libc_a-mprec.o)
                0x0800cc38                __mcmp
 *fill*         0x0800cc6e        0x2 
 .text.__mdiff  0x0800cc70      0x128 C:/ST/STM32CubeIDE_1.18.0/STM32CubeIDE/plugins/com.st.stm32cube.ide.mcu.externaltools.gnu-tools-for-stm32.13.3.rel1.win32_1.0.0.202411081344/tools/bin/../lib/gcc/arm-none-eabi/13.3.1/../../../../arm-none-eabi/lib/thumb/v7e-m+dp/hard\libc_nano.a(libc_a-mprec.o)
                0x0800cc70                __mdiff
 .text.__d2b    0x0800cd98       0xb0 C:/ST/STM32CubeIDE_1.18.0/STM32CubeIDE/plugins/com.st.stm32cube.ide.mcu.externaltools.gnu-tools-for-stm32.13.3.rel1.win32_1.0.0.202411081344/tools/bin/../lib/gcc/arm-none-eabi/13.3.1/../../../../arm-none-eabi/lib/thumb/v7e-m+dp/hard\libc_nano.a(libc_a-mprec.o)
                0x0800cd98                __d2b
 .text.__ssputs_r
                0x0800ce48       0xb6 C:/ST/STM32CubeIDE_1.18.0/STM32CubeIDE/plugins/com.st.stm32cube.ide.mcu.externaltools.gnu-tools-for-stm32.13.3.rel1.win32_1.0.0.202411081344/tools/bin/../lib/gcc/arm-none-eabi/13.3.1/../../../../arm-none-eabi/lib/thumb/v7e-m+dp/hard\libc_nano.a(libc_a-nano-svfprintf.o)
                0x0800ce48                __ssputs_r
 *fill*         0x0800cefe        0x2 
 .text._svfprintf_r
                0x0800cf00      0x1f8 C:/ST/STM32CubeIDE_1.18.0/STM32CubeIDE/plugins/com.st.stm32cube.ide.mcu.externaltools.gnu-tools-for-stm32.13.3.rel1.win32_1.0.0.202411081344/tools/bin/../lib/gcc/arm-none-eabi/13.3.1/../../../../arm-none-eabi/lib/thumb/v7e-m+dp/hard\libc_nano.a(libc_a-nano-svfprintf.o)
                0x0800cf00                _svfiprintf_r
                0x0800cf00                _svfprintf_r
 .text.__sflush_r
                0x0800d0f8      0x108 C:/ST/STM32CubeIDE_1.18.0/STM32CubeIDE/plugins/com.st.stm32cube.ide.mcu.externaltools.gnu-tools-for-stm32.13.3.rel1.win32_1.0.0.202411081344/tools/bin/../lib/gcc/arm-none-eabi/13.3.1/../../../../arm-none-eabi/lib/thumb/v7e-m+dp/hard\libc_nano.a(libc_a-fflush.o)
                0x0800d0f8                __sflush_r
 .text._fflush_r
                0x0800d200       0x50 C:/ST/STM32CubeIDE_1.18.0/STM32CubeIDE/plugins/com.st.stm32cube.ide.mcu.externaltools.gnu-tools-for-stm32.13.3.rel1.win32_1.0.0.202411081344/tools/bin/../lib/gcc/arm-none-eabi/13.3.1/../../../../arm-none-eabi/lib/thumb/v7e-m+dp/hard\libc_nano.a(libc_a-fflush.o)
                0x0800d200                _fflush_r
 .text.memmove  0x0800d250       0x34 C:/ST/STM32CubeIDE_1.18.0/STM32CubeIDE/plugins/com.st.stm32cube.ide.mcu.externaltools.gnu-tools-for-stm32.13.3.rel1.win32_1.0.0.202411081344/tools/bin/../lib/gcc/arm-none-eabi/13.3.1/../../../../arm-none-eabi/lib/thumb/v7e-m+dp/hard\libc_nano.a(libc_a-memmove.o)
                0x0800d250                memmove
 .text._sbrk_r  0x0800d284       0x20 C:/ST/STM32CubeIDE_1.18.0/STM32CubeIDE/plugins/com.st.stm32cube.ide.mcu.externaltools.gnu-tools-for-stm32.13.3.rel1.win32_1.0.0.202411081344/tools/bin/../lib/gcc/arm-none-eabi/13.3.1/../../../../arm-none-eabi/lib/thumb/v7e-m+dp/hard\libc_nano.a(libc_a-sbrkr.o)
                0x0800d284                _sbrk_r
 .text.memcpy   0x0800d2a4       0x1c C:/ST/STM32CubeIDE_1.18.0/STM32CubeIDE/plugins/com.st.stm32cube.ide.mcu.externaltools.gnu-tools-for-stm32.13.3.rel1.win32_1.0.0.202411081344/tools/bin/../lib/gcc/arm-none-eabi/13.3.1/../../../../arm-none-eabi/lib/thumb/v7e-m+dp/hard\libc_nano.a(libc_a-memcpy-stub.o)
                0x0800d2a4                memcpy
 .text.__assert_func
                0x0800d2c0       0x3c C:/ST/STM32CubeIDE_1.18.0/STM32CubeIDE/plugins/com.st.stm32cube.ide.mcu.externaltools.gnu-tools-for-stm32.13.3.rel1.win32_1.0.0.202411081344/tools/bin/../lib/gcc/arm-none-eabi/13.3.1/../../../../arm-none-eabi/lib/thumb/v7e-m+dp/hard\libc_nano.a(libc_a-assert.o)
                0x0800d2c0                __assert_func
 .text._calloc_r
                0x0800d2fc       0x28 C:/ST/STM32CubeIDE_1.18.0/STM32CubeIDE/plugins/com.st.stm32cube.ide.mcu.externaltools.gnu-tools-for-stm32.13.3.rel1.win32_1.0.0.202411081344/tools/bin/../lib/gcc/arm-none-eabi/13.3.1/../../../../arm-none-eabi/lib/thumb/v7e-m+dp/hard\libc_nano.a(libc_a-callocr.o)
                0x0800d2fc                _calloc_r
 .text.__ascii_mbtowc
                0x0800d324       0x24 C:/ST/STM32CubeIDE_1.18.0/STM32CubeIDE/plugins/com.st.stm32cube.ide.mcu.externaltools.gnu-tools-for-stm32.13.3.rel1.win32_1.0.0.202411081344/tools/bin/../lib/gcc/arm-none-eabi/13.3.1/../../../../arm-none-eabi/lib/thumb/v7e-m+dp/hard\libc_nano.a(libc_a-mbtowc_r.o)
                0x0800d324                __ascii_mbtowc
 .text._realloc_r
                0x0800d348       0x5c C:/ST/STM32CubeIDE_1.18.0/STM32CubeIDE/plugins/com.st.stm32cube.ide.mcu.externaltools.gnu-tools-for-stm32.13.3.rel1.win32_1.0.0.202411081344/tools/bin/../lib/gcc/arm-none-eabi/13.3.1/../../../../arm-none-eabi/lib/thumb/v7e-m+dp/hard\libc_nano.a(libc_a-reallocr.o)
                0x0800d348                _realloc_r
 .text.__ascii_wctomb
                0x0800d3a4       0x1a C:/ST/STM32CubeIDE_1.18.0/STM32CubeIDE/plugins/com.st.stm32cube.ide.mcu.externaltools.gnu-tools-for-stm32.13.3.rel1.win32_1.0.0.202411081344/tools/bin/../lib/gcc/arm-none-eabi/13.3.1/../../../../arm-none-eabi/lib/thumb/v7e-m+dp/hard\libc_nano.a(libc_a-wctomb_r.o)
                0x0800d3a4                __ascii_wctomb
 *fill*         0x0800d3be        0x2 
 .text.fprintf  0x0800d3c0       0x24 C:/ST/STM32CubeIDE_1.18.0/STM32CubeIDE/plugins/com.st.stm32cube.ide.mcu.externaltools.gnu-tools-for-stm32.13.3.rel1.win32_1.0.0.202411081344/tools/bin/../lib/gcc/arm-none-eabi/13.3.1/../../../../arm-none-eabi/lib/thumb/v7e-m+dp/hard\libc_nano.a(libc_a-fprintf.o)
                0x0800d3c0                fiprintf
                0x0800d3c0                fprintf
 .text.abort    0x0800d3e4        0xe C:/ST/STM32CubeIDE_1.18.0/STM32CubeIDE/plugins/com.st.stm32cube.ide.mcu.externaltools.gnu-tools-for-stm32.13.3.rel1.win32_1.0.0.202411081344/tools/bin/../lib/gcc/arm-none-eabi/13.3.1/../../../../arm-none-eabi/lib/thumb/v7e-m+dp/hard\libc_nano.a(libc_a-abort.o)
                0x0800d3e4                abort
 .text._malloc_usable_size_r
                0x0800d3f2       0x10 C:/ST/STM32CubeIDE_1.18.0/STM32CubeIDE/plugins/com.st.stm32cube.ide.mcu.externaltools.gnu-tools-for-stm32.13.3.rel1.win32_1.0.0.202411081344/tools/bin/../lib/gcc/arm-none-eabi/13.3.1/../../../../arm-none-eabi/lib/thumb/v7e-m+dp/hard\libc_nano.a(libc_a-msizer.o)
                0x0800d3f2                _malloc_usable_size_r
 .text.__sfputc_r
                0x0800d402       0x2e C:/ST/STM32CubeIDE_1.18.0/STM32CubeIDE/plugins/com.st.stm32cube.ide.mcu.externaltools.gnu-tools-for-stm32.13.3.rel1.win32_1.0.0.202411081344/tools/bin/../lib/gcc/arm-none-eabi/13.3.1/../../../../arm-none-eabi/lib/thumb/v7e-m+dp/hard\libc_nano.a(libc_a-nano-vfprintf.o)
 .text.__sfputs_r
                0x0800d430       0x24 C:/ST/STM32CubeIDE_1.18.0/STM32CubeIDE/plugins/com.st.stm32cube.ide.mcu.externaltools.gnu-tools-for-stm32.13.3.rel1.win32_1.0.0.202411081344/tools/bin/../lib/gcc/arm-none-eabi/13.3.1/../../../../arm-none-eabi/lib/thumb/v7e-m+dp/hard\libc_nano.a(libc_a-nano-vfprintf.o)
                0x0800d430                __sfputs_r
 .text._vfprintf_r
                0x0800d454      0x230 C:/ST/STM32CubeIDE_1.18.0/STM32CubeIDE/plugins/com.st.stm32cube.ide.mcu.externaltools.gnu-tools-for-stm32.13.3.rel1.win32_1.0.0.202411081344/tools/bin/../lib/gcc/arm-none-eabi/13.3.1/../../../../arm-none-eabi/lib/thumb/v7e-m+dp/hard\libc_nano.a(libc_a-nano-vfprintf.o)
                0x0800d454                _vfprintf_r
                0x0800d454                _vfiprintf_r
 .text.__swbuf_r
                0x0800d684       0x7c C:/ST/STM32CubeIDE_1.18.0/STM32CubeIDE/plugins/com.st.stm32cube.ide.mcu.externaltools.gnu-tools-for-stm32.13.3.rel1.win32_1.0.0.202411081344/tools/bin/../lib/gcc/arm-none-eabi/13.3.1/../../../../arm-none-eabi/lib/thumb/v7e-m+dp/hard\libc_nano.a(libc_a-wbuf.o)
                0x0800d684                __swbuf_r
 .text.__swsetup_r
                0x0800d700       0xac C:/ST/STM32CubeIDE_1.18.0/STM32CubeIDE/plugins/com.st.stm32cube.ide.mcu.externaltools.gnu-tools-for-stm32.13.3.rel1.win32_1.0.0.202411081344/tools/bin/../lib/gcc/arm-none-eabi/13.3.1/../../../../arm-none-eabi/lib/thumb/v7e-m+dp/hard\libc_nano.a(libc_a-wsetup.o)
                0x0800d700                __swsetup_r
 .text._raise_r
                0x0800d7ac       0x50 C:/ST/STM32CubeIDE_1.18.0/STM32CubeIDE/plugins/com.st.stm32cube.ide.mcu.externaltools.gnu-tools-for-stm32.13.3.rel1.win32_1.0.0.202411081344/tools/bin/../lib/gcc/arm-none-eabi/13.3.1/../../../../arm-none-eabi/lib/thumb/v7e-m+dp/hard\libc_nano.a(libc_a-signal.o)
                0x0800d7ac                _raise_r
 .text.raise    0x0800d7fc       0x10 C:/ST/STM32CubeIDE_1.18.0/STM32CubeIDE/plugins/com.st.stm32cube.ide.mcu.externaltools.gnu-tools-for-stm32.13.3.rel1.win32_1.0.0.202411081344/tools/bin/../lib/gcc/arm-none-eabi/13.3.1/../../../../arm-none-eabi/lib/thumb/v7e-m+dp/hard\libc_nano.a(libc_a-signal.o)
                0x0800d7fc                raise
 .text._kill_r  0x0800d80c       0x24 C:/ST/STM32CubeIDE_1.18.0/STM32CubeIDE/plugins/com.st.stm32cube.ide.mcu.externaltools.gnu-tools-for-stm32.13.3.rel1.win32_1.0.0.202411081344/tools/bin/../lib/gcc/arm-none-eabi/13.3.1/../../../../arm-none-eabi/lib/thumb/v7e-m+dp/hard\libc_nano.a(libc_a-signalr.o)
                0x0800d80c                _kill_r
 .text._getpid_r
                0x0800d830        0x4 C:/ST/STM32CubeIDE_1.18.0/STM32CubeIDE/plugins/com.st.stm32cube.ide.mcu.externaltools.gnu-tools-for-stm32.13.3.rel1.win32_1.0.0.202411081344/tools/bin/../lib/gcc/arm-none-eabi/13.3.1/../../../../arm-none-eabi/lib/thumb/v7e-m+dp/hard\libc_nano.a(libc_a-signalr.o)
                0x0800d830                _getpid_r
 .text.__swhatbuf_r
                0x0800d834       0x4c C:/ST/STM32CubeIDE_1.18.0/STM32CubeIDE/plugins/com.st.stm32cube.ide.mcu.externaltools.gnu-tools-for-stm32.13.3.rel1.win32_1.0.0.202411081344/tools/bin/../lib/gcc/arm-none-eabi/13.3.1/../../../../arm-none-eabi/lib/thumb/v7e-m+dp/hard\libc_nano.a(libc_a-makebuf.o)
                0x0800d834                __swhatbuf_r
 .text.__smakebuf_r
                0x0800d880       0x78 C:/ST/STM32CubeIDE_1.18.0/STM32CubeIDE/plugins/com.st.stm32cube.ide.mcu.externaltools.gnu-tools-for-stm32.13.3.rel1.win32_1.0.0.202411081344/tools/bin/../lib/gcc/arm-none-eabi/13.3.1/../../../../arm-none-eabi/lib/thumb/v7e-m+dp/hard\libc_nano.a(libc_a-makebuf.o)
                0x0800d880                __smakebuf_r
 .text._fstat_r
                0x0800d8f8       0x24 C:/ST/STM32CubeIDE_1.18.0/STM32CubeIDE/plugins/com.st.stm32cube.ide.mcu.externaltools.gnu-tools-for-stm32.13.3.rel1.win32_1.0.0.202411081344/tools/bin/../lib/gcc/arm-none-eabi/13.3.1/../../../../arm-none-eabi/lib/thumb/v7e-m+dp/hard\libc_nano.a(libc_a-fstatr.o)
                0x0800d8f8                _fstat_r
 .text._isatty_r
                0x0800d91c       0x20 C:/ST/STM32CubeIDE_1.18.0/STM32CubeIDE/plugins/com.st.stm32cube.ide.mcu.externaltools.gnu-tools-for-stm32.13.3.rel1.win32_1.0.0.202411081344/tools/bin/../lib/gcc/arm-none-eabi/13.3.1/../../../../arm-none-eabi/lib/thumb/v7e-m+dp/hard\libc_nano.a(libc_a-isattyr.o)
                0x0800d91c                _isatty_r
 *fill*         0x0800d93c        0x4 
 .text.log10    0x0800d940       0x64 C:/ST/STM32CubeIDE_1.18.0/STM32CubeIDE/plugins/com.st.stm32cube.ide.mcu.externaltools.gnu-tools-for-stm32.13.3.rel1.win32_1.0.0.202411081344/tools/bin/../lib/gcc/arm-none-eabi/13.3.1/../../../../arm-none-eabi/lib/thumb/v7e-m+dp/hard\libm.a(libm_a-w_log10.o)
                0x0800d940                log10
 .text.sqrtf    0x0800d9a4       0x3c C:/ST/STM32CubeIDE_1.18.0/STM32CubeIDE/plugins/com.st.stm32cube.ide.mcu.externaltools.gnu-tools-for-stm32.13.3.rel1.win32_1.0.0.202411081344/tools/bin/../lib/gcc/arm-none-eabi/13.3.1/../../../../arm-none-eabi/lib/thumb/v7e-m+dp/hard\libm.a(libm_a-wf_sqrt.o)
                0x0800d9a4                sqrtf
 .text.nan      0x0800d9e0       0x10 C:/ST/STM32CubeIDE_1.18.0/STM32CubeIDE/plugins/com.st.stm32cube.ide.mcu.externaltools.gnu-tools-for-stm32.13.3.rel1.win32_1.0.0.202411081344/tools/bin/../lib/gcc/arm-none-eabi/13.3.1/../../../../arm-none-eabi/lib/thumb/v7e-m+dp/hard\libm.a(libm_a-s_nan.o)
                0x0800d9e0                nan
 .text.__ieee754_sqrtf
                0x0800d9f0        0x6 C:/ST/STM32CubeIDE_1.18.0/STM32CubeIDE/plugins/com.st.stm32cube.ide.mcu.externaltools.gnu-tools-for-stm32.13.3.rel1.win32_1.0.0.202411081344/tools/bin/../lib/gcc/arm-none-eabi/13.3.1/../../../../arm-none-eabi/lib/thumb/v7e-m+dp/hard\libm.a(libm_a-ef_sqrt.o)
                0x0800d9f0                __ieee754_sqrtf
 *fill*         0x0800d9f6        0x2 
 .text.__ieee754_log10
                0x0800d9f8       0xdc C:/ST/STM32CubeIDE_1.18.0/STM32CubeIDE/plugins/com.st.stm32cube.ide.mcu.externaltools.gnu-tools-for-stm32.13.3.rel1.win32_1.0.0.202411081344/tools/bin/../lib/gcc/arm-none-eabi/13.3.1/../../../../arm-none-eabi/lib/thumb/v7e-m+dp/hard\libm.a(libm_a-e_log10.o)
                0x0800d9f8                __ieee754_log10
 *fill*         0x0800dad4        0x4 
 .text.log      0x0800dad8      0x1f0 C:/ST/STM32CubeIDE_1.18.0/STM32CubeIDE/plugins/com.st.stm32cube.ide.mcu.externaltools.gnu-tools-for-stm32.13.3.rel1.win32_1.0.0.202411081344/tools/bin/../lib/gcc/arm-none-eabi/13.3.1/../../../../arm-none-eabi/lib/thumb/v7e-m+dp/hard\libm.a(libm_a-log.o)
                0x0800dad8                log
 .text.with_errno
                0x0800dcc8       0x1c C:/ST/STM32CubeIDE_1.18.0/STM32CubeIDE/plugins/com.st.stm32cube.ide.mcu.externaltools.gnu-tools-for-stm32.13.3.rel1.win32_1.0.0.202411081344/tools/bin/../lib/gcc/arm-none-eabi/13.3.1/../../../../arm-none-eabi/lib/thumb/v7e-m+dp/hard\libm.a(libm_a-math_err.o)
 *fill*         0x0800dce4        0x4 
 .text.__math_divzero
                0x0800dce8       0x30 C:/ST/STM32CubeIDE_1.18.0/STM32CubeIDE/plugins/com.st.stm32cube.ide.mcu.externaltools.gnu-tools-for-stm32.13.3.rel1.win32_1.0.0.202411081344/tools/bin/../lib/gcc/arm-none-eabi/13.3.1/../../../../arm-none-eabi/lib/thumb/v7e-m+dp/hard\libm.a(libm_a-math_err.o)
                0x0800dce8                __math_divzero
 .text.__math_invalid
                0x0800dd18       0x1e C:/ST/STM32CubeIDE_1.18.0/STM32CubeIDE/plugins/com.st.stm32cube.ide.mcu.externaltools.gnu-tools-for-stm32.13.3.rel1.win32_1.0.0.202411081344/tools/bin/../lib/gcc/arm-none-eabi/13.3.1/../../../../arm-none-eabi/lib/thumb/v7e-m+dp/hard\libm.a(libm_a-math_err.o)
                0x0800dd18                __math_invalid
 *(.glue_7)
 .glue_7        0x0800dd36        0x0 linker stubs
 *(.glue_7t)
 .glue_7t       0x0800dd36        0x0 linker stubs
 *(.eh_frame)
 *fill*         0x0800dd36        0x2 
 .eh_frame      0x0800dd38        0x0 C:/ST/STM32CubeIDE_1.18.0/STM32CubeIDE/plugins/com.st.stm32cube.ide.mcu.externaltools.gnu-tools-for-stm32.13.3.rel1.win32_1.0.0.202411081344/tools/bin/../lib/gcc/arm-none-eabi/13.3.1/thumb/v7e-m+dp/hard/crtbegin.o
 *(.init)
 .init          0x0800dd38        0x4 C:/ST/STM32CubeIDE_1.18.0/STM32CubeIDE/plugins/com.st.stm32cube.ide.mcu.externaltools.gnu-tools-for-stm32.13.3.rel1.win32_1.0.0.202411081344/tools/bin/../lib/gcc/arm-none-eabi/13.3.1/thumb/v7e-m+dp/hard/crti.o
                0x0800dd38                _init
 .init          0x0800dd3c        0x8 C:/ST/STM32CubeIDE_1.18.0/STM32CubeIDE/plugins/com.st.stm32cube.ide.mcu.externaltools.gnu-tools-for-stm32.13.3.rel1.win32_1.0.0.202411081344/tools/bin/../lib/gcc/arm-none-eabi/13.3.1/thumb/v7e-m+dp/hard/crtn.o
 *(.fini)
 .fini          0x0800dd44        0x4 C:/ST/STM32CubeIDE_1.18.0/STM32CubeIDE/plugins/com.st.stm32cube.ide.mcu.externaltools.gnu-tools-for-stm32.13.3.rel1.win32_1.0.0.202411081344/tools/bin/../lib/gcc/arm-none-eabi/13.3.1/thumb/v7e-m+dp/hard/crti.o
                0x0800dd44                _fini
 .fini          0x0800dd48        0x8 C:/ST/STM32CubeIDE_1.18.0/STM32CubeIDE/plugins/com.st.stm32cube.ide.mcu.externaltools.gnu-tools-for-stm32.13.3.rel1.win32_1.0.0.202411081344/tools/bin/../lib/gcc/arm-none-eabi/13.3.1/thumb/v7e-m+dp/hard/crtn.o
                0x0800dd50                        . = ALIGN (0x4)
                0x0800dd50                        _etext = .

.vfp11_veneer   0x0800dd50        0x0
 .vfp11_veneer  0x0800dd50        0x0 linker stubs

.v4_bx          0x0800dd50        0x0
 .v4_bx         0x0800dd50        0x0 linker stubs

.iplt           0x0800dd50        0x0
 .iplt          0x0800dd50        0x0 C:/ST/STM32CubeIDE_1.18.0/STM32CubeIDE/plugins/com.st.stm32cube.ide.mcu.externaltools.gnu-tools-for-stm32.13.3.rel1.win32_1.0.0.202411081344/tools/bin/../lib/gcc/arm-none-eabi/13.3.1/thumb/v7e-m+dp/hard/crtbegin.o

.rodata         0x0800dd50    0x14460
                0x0800dd50                        . = ALIGN (0x4)
 *(.rodata)
 .rodata        0x0800dd50      0x3c1 ./Core/Src/main.o
 *(.rodata*)
 *fill*         0x0800e111        0x3 
 .rodata.D1CorePrescTable
                0x0800e114       0x10 ./Core/Src/system_stm32h7xx.o
                0x0800e114                D1CorePrescTable
 .rodata.UARTPrescTable
                0x0800e124       0x18 ./Drivers/STM32H7xx_HAL_Driver/Src/stm32h7xx_hal_uart.o
                0x0800e124                UARTPrescTable
 .rodata.numerator.1
                0x0800e13c        0x8 ./Drivers/STM32H7xx_HAL_Driver/Src/stm32h7xx_hal_uart_ex.o
 .rodata.denominator.0
                0x0800e144        0x8 ./Drivers/STM32H7xx_HAL_Driver/Src/stm32h7xx_hal_uart_ex.o
 .rodata.twiddleCoef_2048
                0x0800e14c     0x4000 C:\Users\klokn\STM32CubeIDE\nucleo_board_tests\FFT_Testing\Lib\libarm_cortexM7lfsp_math.a(arm_common_tables.o)
                0x0800e14c                twiddleCoef_2048
 .rodata.twiddleCoef_rfft_64
                0x0801214c      0x100 C:\Users\klokn\STM32CubeIDE\nucleo_board_tests\FFT_Testing\Lib\libarm_cortexM7lfsp_math.a(arm_common_tables.o)
                0x0801214c                twiddleCoef_rfft_64
 .rodata.armBitRevIndexTable64
                0x0801224c       0x70 C:\Users\klokn\STM32CubeIDE\nucleo_board_tests\FFT_Testing\Lib\libarm_cortexM7lfsp_math.a(arm_common_tables.o)
                0x0801224c                armBitRevIndexTable64
 .rodata.twiddleCoef_rfft_2048
                0x080122bc     0x2000 C:\Users\klokn\STM32CubeIDE\nucleo_board_tests\FFT_Testing\Lib\libarm_cortexM7lfsp_math.a(arm_common_tables.o)
                0x080122bc                twiddleCoef_rfft_2048
 .rodata.twiddleCoef_rfft_4096
                0x080142bc     0x4000 C:\Users\klokn\STM32CubeIDE\nucleo_board_tests\FFT_Testing\Lib\libarm_cortexM7lfsp_math.a(arm_common_tables.o)
                0x080142bc                twiddleCoef_rfft_4096
 .rodata.twiddleCoef_256
                0x080182bc      0x800 C:\Users\klokn\STM32CubeIDE\nucleo_board_tests\FFT_Testing\Lib\libarm_cortexM7lfsp_math.a(arm_common_tables.o)
                0x080182bc                twiddleCoef_256
 .rodata.twiddleCoef_16
                0x08018abc       0x80 C:\Users\klokn\STM32CubeIDE\nucleo_board_tests\FFT_Testing\Lib\libarm_cortexM7lfsp_math.a(arm_common_tables.o)
                0x08018abc                twiddleCoef_16
 .rodata.twiddleCoef_1024
                0x08018b3c     0x2000 C:\Users\klokn\STM32CubeIDE\nucleo_board_tests\FFT_Testing\Lib\libarm_cortexM7lfsp_math.a(arm_common_tables.o)
                0x08018b3c                twiddleCoef_1024
 .rodata.twiddleCoef_32
                0x0801ab3c      0x100 C:\Users\klokn\STM32CubeIDE\nucleo_board_tests\FFT_Testing\Lib\libarm_cortexM7lfsp_math.a(arm_common_tables.o)
                0x0801ab3c                twiddleCoef_32
 .rodata.armBitRevIndexTable1024
                0x0801ac3c      0xe10 C:\Users\klokn\STM32CubeIDE\nucleo_board_tests\FFT_Testing\Lib\libarm_cortexM7lfsp_math.a(arm_common_tables.o)
                0x0801ac3c                armBitRevIndexTable1024
 .rodata.armBitRevIndexTable16
                0x0801ba4c       0x28 C:\Users\klokn\STM32CubeIDE\nucleo_board_tests\FFT_Testing\Lib\libarm_cortexM7lfsp_math.a(arm_common_tables.o)
                0x0801ba4c                armBitRevIndexTable16
 .rodata.twiddleCoef_rfft_32
                0x0801ba74       0x80 C:\Users\klokn\STM32CubeIDE\nucleo_board_tests\FFT_Testing\Lib\libarm_cortexM7lfsp_math.a(arm_common_tables.o)
                0x0801ba74                twiddleCoef_rfft_32
 .rodata.armBitRevIndexTable32
                0x0801baf4       0x60 C:\Users\klokn\STM32CubeIDE\nucleo_board_tests\FFT_Testing\Lib\libarm_cortexM7lfsp_math.a(arm_common_tables.o)
                0x0801baf4                armBitRevIndexTable32
 .rodata.twiddleCoef_128
                0x0801bb54      0x400 C:\Users\klokn\STM32CubeIDE\nucleo_board_tests\FFT_Testing\Lib\libarm_cortexM7lfsp_math.a(arm_common_tables.o)
                0x0801bb54                twiddleCoef_128
 .rodata.twiddleCoef_512
                0x0801bf54     0x1000 C:\Users\klokn\STM32CubeIDE\nucleo_board_tests\FFT_Testing\Lib\libarm_cortexM7lfsp_math.a(arm_common_tables.o)
                0x0801bf54                twiddleCoef_512
 .rodata.armBitRevIndexTable2048
                0x0801cf54     0x1dc0 C:\Users\klokn\STM32CubeIDE\nucleo_board_tests\FFT_Testing\Lib\libarm_cortexM7lfsp_math.a(arm_common_tables.o)
                0x0801cf54                armBitRevIndexTable2048
 .rodata.twiddleCoef_64
                0x0801ed14      0x200 C:\Users\klokn\STM32CubeIDE\nucleo_board_tests\FFT_Testing\Lib\libarm_cortexM7lfsp_math.a(arm_common_tables.o)
                0x0801ed14                twiddleCoef_64
 .rodata.twiddleCoef_rfft_512
                0x0801ef14      0x800 C:\Users\klokn\STM32CubeIDE\nucleo_board_tests\FFT_Testing\Lib\libarm_cortexM7lfsp_math.a(arm_common_tables.o)
                0x0801ef14                twiddleCoef_rfft_512
 .rodata.armBitRevIndexTable512
                0x0801f714      0x380 C:\Users\klokn\STM32CubeIDE\nucleo_board_tests\FFT_Testing\Lib\libarm_cortexM7lfsp_math.a(arm_common_tables.o)
                0x0801f714                armBitRevIndexTable512
 .rodata.twiddleCoef_rfft_1024
                0x0801fa94     0x1000 C:\Users\klokn\STM32CubeIDE\nucleo_board_tests\FFT_Testing\Lib\libarm_cortexM7lfsp_math.a(arm_common_tables.o)
                0x0801fa94                twiddleCoef_rfft_1024
 .rodata.twiddleCoef_rfft_256
                0x08020a94      0x400 C:\Users\klokn\STM32CubeIDE\nucleo_board_tests\FFT_Testing\Lib\libarm_cortexM7lfsp_math.a(arm_common_tables.o)
                0x08020a94                twiddleCoef_rfft_256
 .rodata.armBitRevIndexTable256
                0x08020e94      0x370 C:\Users\klokn\STM32CubeIDE\nucleo_board_tests\FFT_Testing\Lib\libarm_cortexM7lfsp_math.a(arm_common_tables.o)
                0x08020e94                armBitRevIndexTable256
 .rodata.twiddleCoef_rfft_128
                0x08021204      0x200 C:\Users\klokn\STM32CubeIDE\nucleo_board_tests\FFT_Testing\Lib\libarm_cortexM7lfsp_math.a(arm_common_tables.o)
                0x08021204                twiddleCoef_rfft_128
 .rodata.armBitRevIndexTable128
                0x08021404      0x1a0 C:\Users\klokn\STM32CubeIDE\nucleo_board_tests\FFT_Testing\Lib\libarm_cortexM7lfsp_math.a(arm_common_tables.o)
                0x08021404                armBitRevIndexTable128
 .rodata._printf_float.str1.1
                0x080215a4      0x171 C:/ST/STM32CubeIDE_1.18.0/STM32CubeIDE/plugins/com.st.stm32cube.ide.mcu.externaltools.gnu-tools-for-stm32.13.3.rel1.win32_1.0.0.202411081344/tools/bin/../lib/gcc/arm-none-eabi/13.3.1/../../../../arm-none-eabi/lib/thumb/v7e-m+dp/hard\libc_nano.a(libc_a-nano-vfprintf_float.o)
                                 0x12 (size before relaxing)
 .rodata._printf_i.str1.1
                0x08021715       0x22 C:/ST/STM32CubeIDE_1.18.0/STM32CubeIDE/plugins/com.st.stm32cube.ide.mcu.externaltools.gnu-tools-for-stm32.13.3.rel1.win32_1.0.0.202411081344/tools/bin/../lib/gcc/arm-none-eabi/13.3.1/../../../../arm-none-eabi/lib/thumb/v7e-m+dp/hard\libc_nano.a(libc_a-nano-vfprintf_i.o)
 .rodata._dtoa_r.str1.1
                0x08021715       0x8f C:/ST/STM32CubeIDE_1.18.0/STM32CubeIDE/plugins/com.st.stm32cube.ide.mcu.externaltools.gnu-tools-for-stm32.13.3.rel1.win32_1.0.0.202411081344/tools/bin/../lib/gcc/arm-none-eabi/13.3.1/../../../../arm-none-eabi/lib/thumb/v7e-m+dp/hard\libc_nano.a(libc_a-dtoa.o)
 .rodata._Balloc.str1.1
                0x08021715       0x70 C:/ST/STM32CubeIDE_1.18.0/STM32CubeIDE/plugins/com.st.stm32cube.ide.mcu.externaltools.gnu-tools-for-stm32.13.3.rel1.win32_1.0.0.202411081344/tools/bin/../lib/gcc/arm-none-eabi/13.3.1/../../../../arm-none-eabi/lib/thumb/v7e-m+dp/hard\libc_nano.a(libc_a-mprec.o)
 .rodata.__multadd.str1.1
                0x08021715       0x11 C:/ST/STM32CubeIDE_1.18.0/STM32CubeIDE/plugins/com.st.stm32cube.ide.mcu.externaltools.gnu-tools-for-stm32.13.3.rel1.win32_1.0.0.202411081344/tools/bin/../lib/gcc/arm-none-eabi/13.3.1/../../../../arm-none-eabi/lib/thumb/v7e-m+dp/hard\libc_nano.a(libc_a-mprec.o)
 *fill*         0x08021715        0x3 
 .rodata.p05.0  0x08021718        0xc C:/ST/STM32CubeIDE_1.18.0/STM32CubeIDE/plugins/com.st.stm32cube.ide.mcu.externaltools.gnu-tools-for-stm32.13.3.rel1.win32_1.0.0.202411081344/tools/bin/../lib/gcc/arm-none-eabi/13.3.1/../../../../arm-none-eabi/lib/thumb/v7e-m+dp/hard\libc_nano.a(libc_a-mprec.o)
 *fill*         0x08021724        0x4 
 .rodata.__mprec_bigtens
                0x08021728       0x28 C:/ST/STM32CubeIDE_1.18.0/STM32CubeIDE/plugins/com.st.stm32cube.ide.mcu.externaltools.gnu-tools-for-stm32.13.3.rel1.win32_1.0.0.202411081344/tools/bin/../lib/gcc/arm-none-eabi/13.3.1/../../../../arm-none-eabi/lib/thumb/v7e-m+dp/hard\libc_nano.a(libc_a-mprec.o)
                0x08021728                __mprec_bigtens
 .rodata.__mprec_tens
                0x08021750       0xc8 C:/ST/STM32CubeIDE_1.18.0/STM32CubeIDE/plugins/com.st.stm32cube.ide.mcu.externaltools.gnu-tools-for-stm32.13.3.rel1.win32_1.0.0.202411081344/tools/bin/../lib/gcc/arm-none-eabi/13.3.1/../../../../arm-none-eabi/lib/thumb/v7e-m+dp/hard\libc_nano.a(libc_a-mprec.o)
                0x08021750                __mprec_tens
 .rodata._svfprintf_r.str1.1
                0x08021818       0x11 C:/ST/STM32CubeIDE_1.18.0/STM32CubeIDE/plugins/com.st.stm32cube.ide.mcu.externaltools.gnu-tools-for-stm32.13.3.rel1.win32_1.0.0.202411081344/tools/bin/../lib/gcc/arm-none-eabi/13.3.1/../../../../arm-none-eabi/lib/thumb/v7e-m+dp/hard\libc_nano.a(libc_a-nano-svfprintf.o)
 .rodata._setlocale_r.str1.1
                0x08021818        0x9 C:/ST/STM32CubeIDE_1.18.0/STM32CubeIDE/plugins/com.st.stm32cube.ide.mcu.externaltools.gnu-tools-for-stm32.13.3.rel1.win32_1.0.0.202411081344/tools/bin/../lib/gcc/arm-none-eabi/13.3.1/../../../../arm-none-eabi/lib/thumb/v7e-m+dp/hard\libc_nano.a(libc_a-locale.o)
 .rodata.str1.1
                0x08021818        0x2 C:/ST/STM32CubeIDE_1.18.0/STM32CubeIDE/plugins/com.st.stm32cube.ide.mcu.externaltools.gnu-tools-for-stm32.13.3.rel1.win32_1.0.0.202411081344/tools/bin/../lib/gcc/arm-none-eabi/13.3.1/../../../../arm-none-eabi/lib/thumb/v7e-m+dp/hard\libc_nano.a(libc_a-locale.o)
 .rodata.__assert_func.str1.1
                0x08021818       0x3d C:/ST/STM32CubeIDE_1.18.0/STM32CubeIDE/plugins/com.st.stm32cube.ide.mcu.externaltools.gnu-tools-for-stm32.13.3.rel1.win32_1.0.0.202411081344/tools/bin/../lib/gcc/arm-none-eabi/13.3.1/../../../../arm-none-eabi/lib/thumb/v7e-m+dp/hard\libc_nano.a(libc_a-assert.o)
 .rodata._ctype_
                0x08021818      0x101 C:/ST/STM32CubeIDE_1.18.0/STM32CubeIDE/plugins/com.st.stm32cube.ide.mcu.externaltools.gnu-tools-for-stm32.13.3.rel1.win32_1.0.0.202411081344/tools/bin/../lib/gcc/arm-none-eabi/13.3.1/../../../../arm-none-eabi/lib/thumb/v7e-m+dp/hard\libc_nano.a(libc_a-ctype_.o)
                0x08021818                _ctype_
 .rodata._vfprintf_r.str1.1
                0x08021919       0x11 C:/ST/STM32CubeIDE_1.18.0/STM32CubeIDE/plugins/com.st.stm32cube.ide.mcu.externaltools.gnu-tools-for-stm32.13.3.rel1.win32_1.0.0.202411081344/tools/bin/../lib/gcc/arm-none-eabi/13.3.1/../../../../arm-none-eabi/lib/thumb/v7e-m+dp/hard\libc_nano.a(libc_a-nano-vfprintf.o)
 .rodata.log10.str1.1
                0x08021919        0x1 C:/ST/STM32CubeIDE_1.18.0/STM32CubeIDE/plugins/com.st.stm32cube.ide.mcu.externaltools.gnu-tools-for-stm32.13.3.rel1.win32_1.0.0.202411081344/tools/bin/../lib/gcc/arm-none-eabi/13.3.1/../../../../arm-none-eabi/lib/thumb/v7e-m+dp/hard\libm.a(libm_a-w_log10.o)
 *fill*         0x08021919        0x7 
 .rodata.__log_data
                0x08021920      0x890 C:/ST/STM32CubeIDE_1.18.0/STM32CubeIDE/plugins/com.st.stm32cube.ide.mcu.externaltools.gnu-tools-for-stm32.13.3.rel1.win32_1.0.0.202411081344/tools/bin/../lib/gcc/arm-none-eabi/13.3.1/../../../../arm-none-eabi/lib/thumb/v7e-m+dp/hard\libm.a(libm_a-log_data.o)
                0x08021920                __log_data
                0x080221b0                        . = ALIGN (0x4)

.ARM.extab
 *(.ARM.extab* .gnu.linkonce.armextab.*)

.ARM            0x080221b0        0x8
                0x080221b0                        __exidx_start = .
 *(.ARM.exidx*)
 .ARM.exidx     0x080221b0        0x8 C:/ST/STM32CubeIDE_1.18.0/STM32CubeIDE/plugins/com.st.stm32cube.ide.mcu.externaltools.gnu-tools-for-stm32.13.3.rel1.win32_1.0.0.202411081344/tools/bin/../lib/gcc/arm-none-eabi/13.3.1/../../../../arm-none-eabi/lib/thumb/v7e-m+dp/hard\libc_nano.a(libc_a-memchr.o)
 .ARM.exidx     0x080221b8        0x0 C:/ST/STM32CubeIDE_1.18.0/STM32CubeIDE/plugins/com.st.stm32cube.ide.mcu.externaltools.gnu-tools-for-stm32.13.3.rel1.win32_1.0.0.202411081344/tools/bin/../lib/gcc/arm-none-eabi/13.3.1/../../../../arm-none-eabi/lib/thumb/v7e-m+dp/hard\libc_nano.a(libc_a-strlen.o)
                                  0x8 (size before relaxing)
 .ARM.exidx     0x080221b8        0x0 C:/ST/STM32CubeIDE_1.18.0/STM32CubeIDE/plugins/com.st.stm32cube.ide.mcu.externaltools.gnu-tools-for-stm32.13.3.rel1.win32_1.0.0.202411081344/tools/bin/../lib/gcc/arm-none-eabi/13.3.1/thumb/v7e-m+dp/hard\libgcc.a(_udivmoddi4.o)
                                  0x8 (size before relaxing)
                0x080221b8                        __exidx_end = .

.preinit_array  0x080221b8        0x0
                0x080221b8                        PROVIDE (__preinit_array_start = .)
 *(.preinit_array*)
                0x080221b8                        PROVIDE (__preinit_array_end = .)

.init_array     0x080221b8        0x4
                0x080221b8                        PROVIDE (__init_array_start = .)
 *(SORT_BY_NAME(.init_array.*))
 *(.init_array*)
 .init_array    0x080221b8        0x4 C:/ST/STM32CubeIDE_1.18.0/STM32CubeIDE/plugins/com.st.stm32cube.ide.mcu.externaltools.gnu-tools-for-stm32.13.3.rel1.win32_1.0.0.202411081344/tools/bin/../lib/gcc/arm-none-eabi/13.3.1/thumb/v7e-m+dp/hard/crtbegin.o
                0x080221bc                        PROVIDE (__init_array_end = .)

.fini_array     0x080221bc        0x4
                [!provide]                        PROVIDE (__fini_array_start = .)
 *(SORT_BY_NAME(.fini_array.*))
 *(.fini_array*)
 .fini_array    0x080221bc        0x4 C:/ST/STM32CubeIDE_1.18.0/STM32CubeIDE/plugins/com.st.stm32cube.ide.mcu.externaltools.gnu-tools-for-stm32.13.3.rel1.win32_1.0.0.202411081344/tools/bin/../lib/gcc/arm-none-eabi/13.3.1/thumb/v7e-m+dp/hard/crtbegin.o
                [!provide]                        PROVIDE (__fini_array_end = .)
                0x080221c0                        _sidata = LOADADDR (.data)

.rel.dyn        0x080221c0        0x0
 .rel.iplt      0x080221c0        0x0 C:/ST/STM32CubeIDE_1.18.0/STM32CubeIDE/plugins/com.st.stm32cube.ide.mcu.externaltools.gnu-tools-for-stm32.13.3.rel1.win32_1.0.0.202411081344/tools/bin/../lib/gcc/arm-none-eabi/13.3.1/thumb/v7e-m+dp/hard/crtbegin.o

.data           0x24000000      0x214 load address 0x080221c0
                0x24000000                        . = ALIGN (0x4)
                0x24000000                        _sdata = .
 *(.data)
 *(.data*)
 .data.adc_max_range
                0x24000000        0x2 ./Core/Src/main.o
                0x24000000                adc_max_range
 *fill*         0x24000002        0x2 
 .data.takeFFTs
                0x24000004        0x4 ./Core/Src/main.o
                0x24000004                takeFFTs
 .data.E2_low   0x24000008        0x4 ./Core/Src/main.o
                0x24000008                E2_low
 .data.E2_high  0x2400000c        0x4 ./Core/Src/main.o
                0x2400000c                E2_high
 .data.A2_low   0x24000010        0x4 ./Core/Src/main.o
                0x24000010                A2_low
 .data.A2_high  0x24000014        0x4 ./Core/Src/main.o
                0x24000014                A2_high
 .data.D3_low   0x24000018        0x4 ./Core/Src/main.o
                0x24000018                D3_low
 .data.D3_high  0x2400001c        0x4 ./Core/Src/main.o
                0x2400001c                D3_high
 .data.G3_low   0x24000020        0x4 ./Core/Src/main.o
                0x24000020                G3_low
 .data.G3_high  0x24000024        0x4 ./Core/Src/main.o
                0x24000024                G3_high
 .data.B3_low   0x24000028        0x4 ./Core/Src/main.o
                0x24000028                B3_low
 .data.B3_high  0x2400002c        0x4 ./Core/Src/main.o
                0x2400002c                B3_high
 .data.E4_low   0x24000030        0x4 ./Core/Src/main.o
                0x24000030                E4_low
 .data.E4_high  0x24000034        0x4 ./Core/Src/main.o
                0x24000034                E4_high
 .data.prevDegreesRotated
                0x24000038        0x4 ./Core/Src/main.o
                0x24000038                prevDegreesRotated
 .data.SystemCoreClock
                0x2400003c        0x4 ./Core/Src/system_stm32h7xx.o
                0x2400003c                SystemCoreClock
 .data.SystemD2Clock
                0x24000040        0x4 ./Core/Src/system_stm32h7xx.o
                0x24000040                SystemD2Clock
 .data.uwTickPrio
                0x24000044        0x4 ./Drivers/STM32H7xx_HAL_Driver/Src/stm32h7xx_hal.o
                0x24000044                uwTickPrio
 .data.uwTickFreq
                0x24000048        0x1 ./Drivers/STM32H7xx_HAL_Driver/Src/stm32h7xx_hal.o
                0x24000048                uwTickFreq
 *fill*         0x24000049        0x3 
 .data.__sglue  0x2400004c        0xc C:/ST/STM32CubeIDE_1.18.0/STM32CubeIDE/plugins/com.st.stm32cube.ide.mcu.externaltools.gnu-tools-for-stm32.13.3.rel1.win32_1.0.0.202411081344/tools/bin/../lib/gcc/arm-none-eabi/13.3.1/../../../../arm-none-eabi/lib/thumb/v7e-m+dp/hard\libc_nano.a(libc_a-findfp.o)
                0x2400004c                __sglue
 .data._impure_ptr
                0x24000058        0x4 C:/ST/STM32CubeIDE_1.18.0/STM32CubeIDE/plugins/com.st.stm32cube.ide.mcu.externaltools.gnu-tools-for-stm32.13.3.rel1.win32_1.0.0.202411081344/tools/bin/../lib/gcc/arm-none-eabi/13.3.1/../../../../arm-none-eabi/lib/thumb/v7e-m+dp/hard\libc_nano.a(libc_a-impure.o)
                0x24000058                _impure_ptr
 .data._impure_data